primary 0 [-46.4 -49.2]
primary 1 [ 51.  -62.5]
primary 2 [-99.4 -67.4]
primary 3 [-34.7 -57.4]
primary 4 [52.7 54. ]
primary 5 [-88.5 -55.8]
primary 6 [ -5.3 -20.2]
primary 7 [-22.4 -96.4]
primary 8 [61.9 -6.4]
primary 9 [-167.2 -102. ]
primary 10 [ 229.5 -454. ]
primary 11 [-107.2  -82.2]
primary 12 [-130.7 -228.6]
primary 13 [37.3  5.8]
primary 14 [-52.2  -1.6]
primary 15 [-98.6 -59.7]
primary 16 [50.4 34. ]
free_lsf 0 [-45.7 -48.3]
free_lsf 1 [ 47.2 -67.4]
free_lsf 2 [-99.9 -66.1]
free_lsf 3 [-41.8 -65.1]
free_lsf 4 [54.9 52.3]
free_lsf 5 [-87.1 -59. ]
free_lsf 6 [ -4.6 -21.6]
free_lsf 7 [-22.2 -97.3]
free_lsf 8 [64.9  1. ]
free_lsf 9 [-160.8 -103.7]
free_lsf 10 [ 212.6 -470.5]
free_lsf 11 [-105.5  -81.4]
free_lsf 12 [-145.6 -239.5]
free_lsf 13 [25.2  4.1]
free_lsf 14 [-52.8  -2.1]
free_lsf 15 [-100.6  -61.1]
free_lsf 16 [55.  36.8]
trace0 0 [-108.1 -113.3]
trace0 1 [-62.9 -65.3]
trace0 2 [ 46.1 -25.3]
trace0 3 [-23.  -70.6]
trace0 4 [41.2 90. ]
trace0 5 [-2.8  7.3]
trace0 6 [  3.9 -21.9]
trace0 7 [-34.6 -63.6]
trace0 8 [ -5.8 -74.8]
trace0 9 [-267.2 -148.8]
trace0 10 [-382.  -996.5]
trace0 11 [82.7 52.7]
trace0 12 [-177.7 -405.7]
trace0 13 [21.8 70.8]
trace0 14 [-128.6  -42. ]
trace0 15 [-93.5 -12.9]
trace0 16 [-58.6  76.4]
trace1 0 [15.4 17. ]
trace1 1 [195.9 -36.5]
trace1 2 [-258.2 -109.4]
trace1 3 [-47.9 -42.9]
trace1 4 [68.8  9.7]
trace1 5 [-182.3 -127.9]
trace1 6 [-14.9 -18.6]
trace1 7 [  -5.7 -130.9]
trace1 8 [153.3  88. ]
trace1 9 [-82.2 -62.5]
trace1 10 [493.4 -48.7]
trace1 11 [-276.  -205.1]
trace1 12 [-113.2  -90.7]
trace1 13 [ 63.3 -54.6]
trace1 14 [13.6 37. ]
trace1 15 [-90.6 -89.1]
trace1 16 [140.   -7.4]
lower_order 0 [-64.4 -74.5]
lower_order 1 [-49.5 -58.4]
lower_order 2 [ -81.6 -113.9]
lower_order 3 [-28.4 -97. ]
lower_order 4 [48.5 30. ]
lower_order 5 [-125.8 -116.2]
lower_order 6 [ 41.  -24.9]
lower_order 7 [  -0.9 -101.6]
lower_order 8 [76.6 21.4]
lower_order 9 [-182.4  -92.1]
lower_order 10 [ 327.1 -660.9]
lower_order 11 [-79.4 -70.3]
lower_order 12 [-290.4 -259.1]
lower_order 13 [ -4.2 -22.2]
lower_order 14 [-65.6 -36.3]
lower_order 15 [ -21.3 -126.4]
lower_order 16 [52.3 20.7]
upper_order 0 [-8.8 -2.8]
upper_order 1 [235.2 -70.7]
upper_order 2 [-123.3   13.9]
upper_order 3 [-45.5   9.7]
upper_order 4 [59.9 91.2]
upper_order 5 [-10.7  46.1]
upper_order 6 [-77.3 -13.1]
upper_order 7 [-61.  -85.7]
upper_order 8 [ 40.4 -51.9]
upper_order 9 [-146.6 -116. ]
upper_order 10 [82.1 -4.9]
upper_order 11 [-151.7 -103.7]
upper_order 12 [  96.5 -180.5]
upper_order 13 [98.4 51. ]
upper_order 14 [-31.9  61.5]
upper_order 15 [-231.1   42.5]
upper_order 16 [47.1 54.5]
published_template 0 [-45.  -45.3]
published_template 1 [ 58.9 -47.1]
published_template 2 [-88. -59.]
published_template 3 [-26.3 -54.1]
published_template 4 [53.  54.4]
published_template 5 [-85.7 -52.4]
published_template 6 [ -4.5 -16.6]
published_template 7 [-23.4 -94.9]
published_template 8 [70.  0.]
published_template 9 [-160.3  -98.5]
published_template 10 [ 208.1 -450.4]
published_template 11 [-102.   -75.6]
published_template 12 [-144.  -240.3]
published_template 13 [39.2 17.3]
published_template 14 [-55.9  -3.2]
published_template 15 [-92.5 -49.7]
published_template 16 [48.6 34.1]
lower_order_free_lsf 0 [-66.6 -77.6]
lower_order_free_lsf 1 [-45.7 -72. ]
lower_order_free_lsf 2 [ -78.2 -116.4]
lower_order_free_lsf 3 [ -35.1 -102.5]
lower_order_free_lsf 4 [50.8 31.6]
lower_order_free_lsf 5 [-124.3 -118.1]
lower_order_free_lsf 6 [ 42.5 -26.4]
lower_order_free_lsf 7 [  -1.1 -101.5]
lower_order_free_lsf 8 [86.7 27.9]
lower_order_free_lsf 9 [-170.4  -92. ]
lower_order_free_lsf 10 [ 314.4 -678.4]
lower_order_free_lsf 11 [-77.1 -69.7]
lower_order_free_lsf 12 [-307. -255.]
lower_order_free_lsf 13 [-16.1 -22.3]
lower_order_free_lsf 14 [-69.8 -37.6]
lower_order_free_lsf 15 [ -20.3 -125.7]
lower_order_free_lsf 16 [57.8 25. ]
upper_order_free_lsf 0 [3.3 2.9]
upper_order_free_lsf 1 [229.7 -86.1]
upper_order_free_lsf 2 [-112.    14.5]
upper_order_free_lsf 3 [-52.2   1.3]
upper_order_free_lsf 4 [62.  77.7]
upper_order_free_lsf 5 [-8.9 45.6]
upper_order_free_lsf 6 [-73.6 -13.3]
upper_order_free_lsf 7 [-57.  -82.4]
upper_order_free_lsf 8 [ 45.5 -47.1]
upper_order_free_lsf 9 [-145.2 -125.4]
upper_order_free_lsf 10 [  58.8 -103.6]
upper_order_free_lsf 11 [-150.9 -102.2]
upper_order_free_lsf 12 [  88.2 -215.3]
upper_order_free_lsf 13 [91.5 43.3]
upper_order_free_lsf 14 [-31.8  57. ]
upper_order_free_lsf 15 [-246.3   42. ]
upper_order_free_lsf 16 [51.  58.9]
