J004131-493611_n1_null_s0 chi 6534.558275161089 red 53.126490041960075 ok True bound ['logfwhm_1608', 'zero_2374', 'logfwhm_2374']
J232128-105122_n1_null_s0 chi 178.76020039325527 red 1.670656078441638 ok True bound ['zero_2260', 'zero_2374', 'logfwhm_2374']
J004131-493611_n1_null_s1 chi 6534.558274705485 red 53.12649003825597 ok True bound ['logfwhm_1608', 'zero_2374', 'logfwhm_2374']
J004131-493611_n1_null_s2 chi 6534.558273887789 red 53.12649003160804 ok True bound ['logfwhm_1608', 'zero_2374', 'logfwhm_2374']
J232128-105122_n1_null_s1 chi 178.76020039282747 red 1.6706560784376399 ok True bound ['zero_2260', 'zero_2374', 'logfwhm_2374']
J004131-493611_n1_shift_s2_fromnull chi 4666.240335384736 red 38.563969713923434 ok True bound ['logfwhm_1608', 'zero_2374', 'logfwhm_2374', 'shift_1608', 'shift_2382']
J232128-105122_n1_null_s2 chi 178.76020039317646 red 1.6706560784409015 ok True bound ['zero_2260', 'zero_2374', 'logfwhm_2374']
J004131-493611_n1_null_s2_cross chi 6534.558275343112 red 53.12649004343993 ok True bound ['logfwhm_1608', 'zero_2374', 'logfwhm_2374']
J004131-493611_n2_null_s0 chi 502.00240963277275 red 4.183353413606439 ok True bound ['zero_2374']
J232128-105122_n1_shift_s1_fromnull chi 165.40030526559832 red 1.6058282064621197 ok True bound ['zero_2260', 'zero_2374', 'logfwhm_2374']
J004131-493611_n2_null_s1 chi 502.0024096286838 red 4.183353413572365 ok True bound ['zero_2374']
J232128-105122_n1_null_s1_cross chi 178.7602003960389 red 1.6706560784676532 ok True bound ['zero_2260', 'zero_2374', 'logfwhm_2374']
J004131-493611_n2_null_s2 chi 502.00240963441036 red 4.183353413620086 ok True bound ['zero_2374']
J004131-493611_n2_shift_s1_fromnull chi 486.5867155136472 red 4.123616233166502 ok True bound ['logfwhm_1608']
J232128-105122_n2_null_s0 chi 161.75572578295893 red 1.555343517143836 ok True bound ['zero_2260', 'zero_2374', 'logfwhm_2374']
J004131-493611_n2_null_s1_cross chi 502.0024100015372 red 4.183353416679477 ok True bound ['zero_2374']
J232128-105122_n2_null_s1 chi 161.75572681078523 red 1.555343527026781 ok True bound ['zero_2260', 'zero_2374', 'logfwhm_2374']
J232128-105122_n2_null_s2 chi 161.75572936951744 red 1.5553435516299754 ok True bound ['zero_2260', 'zero_2374', 'logfwhm_2374']
J004131-493611_n3_null_s0 chi 432.3997038575897 red 3.6957239645947837 ok True bound ['zero_2374']
J232128-105122_n2_shift_s0_fromnull chi 146.20594666173466 red 1.4620594666173465 ok True bound ['zero_2260', 'zero_2374', 'logfwhm_2374']
J004131-493611_n3_null_s1 chi 341.805873256547 red 2.9214177201414273 ok True bound ['zero_2374']
J232128-105122_n2_null_s0_cross chi 161.75572645953594 red 1.555343523649384 ok True bound ['zero_2260', 'zero_2374', 'logfwhm_2374']
J004131-493611_n3_null_s2 chi 432.3996861266908 red 3.6957238130486396 ok True bound ['zero_2374']
J232128-105122_n3_null_s0 chi 85.06096541033706 red 0.8421877763399709 ok True bound ['zero_2260', 'zero_2374']
J004131-493611_n3_shift_s1_fromnull chi 337.0649586278639 red 2.930999640242295 ok True bound ['zero_2374', 'logfwhm_2374']
J232128-105122_n3_null_s1 chi 80.5928531465663 red 0.7979490410551119 ok True bound ['zero_2260', 'zero_2374']
J004131-493611_n3_null_s1_cross chi 341.8058829414825 red 2.9214178029186537 ok True bound ['zero_2374']
J232128-105122_n3_null_s2 chi 85.0609649898825 red 0.8421877721770545 ok True bound ['zero_2260', 'zero_2374']
J004131-493611_n4_null_s0 chi 197.37093990464913 red 1.731324034251308 ok True bound ['zero_2374']
J232128-105122_n3_shift_s1_fromnull chi 73.74856453017034 red 0.7602944796924778 ok True bound ['zero_2260', 'zero_2374']
J004131-493611_n4_null_s1 chi 332.24105942980225 red 2.9143952581561603 ok True bound ['zero_2374']
J232128-105122_n3_null_s1_cross chi 80.59285307401213 red 0.7979490403367537 ok True bound ['zero_2260', 'zero_2374']
J004131-493611_n4_null_s2 chi 406.2507082087069 red 3.5636027035851483 ok True bound ['logfwhm_2374']
J004131-493611_n4_shift_s0_fromnull chi 190.68844961948818 red 1.7025754430311444 ok True bound ['zero_2374']
J004131-493611_n4_null_s0_cross chi 197.3709402883446 red 1.7313240376170578 ok True bound ['zero_2374']
J232128-105122_n4_null_s0 chi 76.01873005387706 red 0.7757013270803782 ok True bound ['zero_2260', 'zero_2374']
J232128-105122_n4_null_s1 chi 77.84477311310222 red 0.7943344195214512 ok True bound ['zero_2260', 'zero_2374']
J232128-105122_n4_null_s2 chi 77.84477294027079 red 0.7943344177578652 ok True bound ['zero_2260', 'zero_2374']
J004131-493611_n6_null_s0 chi 182.30755696024048 red 1.6880329348170415 ok True bound ['logb_4', 'zero_2374']
J232128-105122_n4_shift_s0_fromnull chi 69.41219912735099 red 0.7384276502909679 ok True bound ['zero_2260', 'zero_2374']
J232128-105122_n4_null_s0_cross chi 76.01873014542826 red 0.7757013280145741 ok True bound ['zero_2260', 'zero_2374']
J004131-493611_n6_null_s1 chi 182.30755955169576 red 1.6880329588119978 ok True bound ['logb_3', 'zero_2374']
J232128-105122_n6_null_s0 chi 66.95771050217833 red 0.7278012011106341 ok True bound ['logb_4', 'zero_2260', 'logfwhm_2260']
J004131-493611_n6_null_s2 chi 183.44490461741614 red 1.698563931642742 ok True bound ['zero_2374']
J232128-105122_n6_null_s1 chi 66.9577031128887 red 0.7278011207922684 ok True bound ['logb_4', 'zero_2260', 'logfwhm_2260']
J004131-493611_n6_shift_s0_fromnull chi 175.5882512684108 red 1.6564929364944416 ok True bound ['zero_2374']
J004131-493611_n6_null_s0_cross chi 182.3075564462518 red 1.688032930057887 ok True bound ['logb_4', 'zero_2374']
J232128-105122_n6_null_s2 chi 66.95770395052104 red 0.7278011298969678 ok True bound ['logb_4', 'zero_2260', 'logfwhm_2260']
J232128-105122_n6_shift_s1_fromnull chi 61.457963906942446 red 0.6983859534879824 ok True bound ['logb_2', 'logb_4', 'logfwhm_2260']
J232128-105122_n6_null_s1_cross chi 66.95770445776542 red 0.7278011354104936 ok True bound ['logb_4', 'zero_2260', 'logfwhm_2260']
