{
  "interval_count": 25,
  "pixel_count": 13750,
  "variance": 0.7047517138181204,
  "rms": 0.8394949158977203,
  "covariance": [
    0.7047517138181204,
    0.26261797484589255,
    0.031009556416296668,
    0.022505455881971698,
    0.012985542388213693,
    0.0015721381369771985,
    0.0036200510424280064,
    0.01070476944097554,
    0.013141450520465774,
    0.014070549467379356,
    0.010577475208956057
  ],
  "acf": [
    1.0,
    0.3726390013627806,
    0.04400068252164548,
    0.03193387889763943,
    0.018425698204921216,
    0.0022307688029020245,
    0.005136633187900633,
    0.015189419523338946,
    0.0186469224023161,
    0.019965257538927573,
    0.015008796717429268
  ],
  "lag_pair_counts": [
    13750,
    13725,
    13700,
    13675,
    13650,
    13625,
    13600,
    13575,
    13550,
    13525,
    13500
  ],
  "interval_cluster_bootstrap": {
    "draws": 10000,
    "seed": 260920375,
    "variance_95_percentile_interval": [
      0.6812067114926924,
      0.7279734506920373
    ],
    "acf_95_percentile_intervals": [
      [
        1.0,
        1.0
      ],
      [
        0.3533045306586414,
        0.3915642484912
      ],
      [
        0.021917728086523158,
        0.0656088206757257
      ],
      [
        0.006431854413697083,
        0.056377733029924146
      ],
      [
        -0.00716867932940171,
        0.043714599267099176
      ],
      [
        -0.02377855422480509,
        0.027849664990844278
      ],
      [
        -0.018513981352433144,
        0.029178297054076457
      ],
      [
        -0.007805089057307266,
        0.038808070543979195
      ],
      [
        -0.0041490334130688524,
        0.04103656615989345
      ],
      [
        -0.0057438784735412175,
        0.045020421101165845
      ],
      [
        -0.0042575440395263685,
        0.033718903626957286
      ]
    ],
    "caveat": "Resamples selected disjoint wavelength intervals as clusters. It is a conditional sampling interval, not a confidence interval including selection or wavelength-dependent systematics."
  }
}
/root/autodl-tmp/dsc_world/riemann_clock/experiments/highz_feasibility_2026-09-20/reports/noise_covariance_controls_cn.md
