{
  "primary": {
    "relative_singular_value_cutoff": 1e-10,
    "nuisance_rank": 147,
    "nuisance_columns": 147,
    "nuisance_singular_values": [
      1832.2126005098344,
      1781.0702322399309,
      1629.282755213735,
      1415.1002627512094,
      1364.7860797665494,
      1361.3984168637642,
      1319.239659657576,
      1197.764817685608,
      1188.681314331255,
      1105.4866135064556,
      939.9724258277797,
      788.1719594830967,
      716.7595770640929,
      702.5147494612315,
      650.663880945102,
      614.7636349677786,
      480.7932586548529,
      467.7107251550645,
      459.7737711590856,
      453.2505640465151,
      433.9634456285254,
      381.57109601640957,
      373.0436205625565,
      365.53771338188676,
      340.1289077729559,
      334.6189321830988,
      318.63109687151257,
      309.64807765604303,
      287.227066909244,
      265.77994599734205,
      258.20274350725055,
      217.64084544583747,
      198.0330140642148,
      164.93086841749968,
      158.9575554196432,
      147.6522765216512,
      142.37331927072407,
      137.78713108799096,
      136.34132280807827,
      129.7496443432512,
      122.40253152257543,
      114.70198880232806,
      110.76436158022031,
      104.13696982580073,
      98.16808633996328,
      89.12017944099296,
      88.25688187861532,
      77.79860028438016,
      73.93603818836272,
      70.46139508303982,
      69.87640792650566,
      67.96762963399912,
      63.323497227715954,
      62.35465935393009,
      59.64833144736434,
      52.26044788837046,
      49.171791183975316,
      44.976838893642665,
      40.219076962201335,
      39.39169351644826,
      38.76994172106171,
      33.899387971860556,
      31.935200984506306,
      31.049678565617018,
      30.33344173092606,
      26.199362388099814,
      24.221012895609153,
      23.69100033816319,
      23.01207825979626,
      22.18882440711087,
      21.027685134635227,
      20.023680543272,
      18.275217036820344,
      17.373456478373402,
      16.5091874205051,
      16.39921319390809,
      16.291299936649914,
      14.825788201248356,
      14.322961135173825,
      14.209409274608841,
      13.756124916203442,
      13.412365414819208,
      12.781799029110866,
      11.921612246571282,
      11.594344296791892,
      11.21280310865298,
      10.9565989454204,
      10.74990682468271,
      9.330620687543338,
      8.961334537359146,
      8.386449130799015,
      7.4758856925581245,
      7.291665631441032,
      6.384827469324432,
      6.3662239079823015,
      5.837899632105062,
      4.484677208530899,
      4.282229064517418,
      4.268242265213052,
      4.0736280273905665,
      3.8078130408870234,
      3.6966768659667943,
      3.604664857804908,
      3.5043020591541194,
      3.4996683300790252,
      3.2106453742674694,
      2.705268153310166,
      2.3583882973460897,
      2.352838852019209,
      2.124175592553376,
      2.0802521888761687,
      2.036340794734649,
      1.9902301915143028,
      1.7034958528418433,
      1.662103343987712,
      1.624406483899624,
      1.5092078541717369,
      1.344717110359526,
      1.174801793268806,
      1.1338428432265735,
      1.0342461673141818,
      0.9971706475020803,
      0.9089729106497707,
      0.8353829599637028,
      0.7134249149160167,
      0.5628678388007385,
      0.5340018932182415,
      0.44131027229654235,
      0.429083021653921,
      0.3660017589266733,
      0.3578018929357162,
      0.27515558615660585,
      0.2666049388460477,
      0.21360728444909213,
      0.20146305217748953,
      0.19772040431897206,
      0.10403742075843929,
      0.06354693205368199,
      0.037849877949371266,
      0.01023229211885297,
      0.006332621169471454,
      0.0030885266730932997,
      0.0015588963305290548,
      0.0007009832698678864,
      0.0006964131726119296,
      8.373098437892253e-05,
      2.9011192371799965e-06
    ],
    "effective_shift_rank": 5,
    "effective_shift_columns": 5,
    "effective_shift_singular_values": [
      106.9294526012497,
      105.94054976905312,
      79.57283819358028,
      26.74502529026561,
      6.923131653239801
    ],
    "local_score_delta_chi2": 58.807819643095364,
    "conditional_chi2_survival": 2.1427745765939124e-11,
    "local_shift_estimates_km_s": [
      0.09277820261163569,
      -0.05897946725327274,
      -0.1306046412357879,
      -0.017455751483025424,
      -0.12181453553069901
    ],
    "local_shift_sigma_km_s": [
      0.14444304660240087,
      0.02000855311809126,
      0.023270992604151473,
      0.017795083346880274,
      0.021772467366473557
    ],
    "local_conditional_covariance_km2_s2": [
      [
        0.020863793711783346,
        2.327730122378899e-05,
        2.1328604490511093e-05,
        1.1759344087507665e-05,
        1.7532750815304898e-05
      ],
      [
        2.327730122378899e-05,
        0.00040034219787947955,
        0.0003267030068514148,
        0.00026606134043085955,
        0.00032923876803574035
      ],
      [
        2.1328604490511093e-05,
        0.0003267030068514148,
        0.0005415390967824725,
        0.0002751969054628409,
        0.0004110746359171206
      ],
      [
        1.1759344087507665e-05,
        0.00026606134043085955,
        0.00027519690546284095,
        0.0003166649913224156,
        0.0002787400176457224
      ],
      [
        1.7532750815304898e-05,
        0.00032923876803574035,
        0.00041107463591712065,
        0.0002787400176457224,
        0.0004740403352241559
      ]
    ],
    "effective_shift_correlation": [
      [
        0.9999999999999999,
        0.008054160913637034,
        0.006345281485464911,
        0.0045749508415387835,
        0.005575011558420713
      ],
      [
        0.008054160913637034,
        1.0000000000000002,
        0.7016532463000095,
        0.7472502409305005,
        0.755766495780675
      ],
      [
        0.006345281485464911,
        0.7016532463000095,
        1.0,
        0.6645514523009387,
        0.81133110128773
      ],
      [
        0.0045749508415387835,
        0.7472502409305005,
        0.6645514523009388,
        0.9999999999999998,
        0.7194351430442675
      ],
      [
        0.005575011558420713,
        0.755766495780675,
        0.8113311012877301,
        0.7194351430442675,
        0.9999999999999999
      ]
    ],
    "max_nuisance_shift_basis_overlap": 1.942890293094024e-15,
    "raw_residual_chi2": 2305.4905409518874,
    "nuisance_tangent_projected_residual_chi2": 2279.132744571459,
    "interpretation": "Linear tangent-space score with diagonal known Gaussian pixel noise; this is not the nonlinear likelihood-ratio result or a discovery significance."
  },
  "stationarity": {
    "gradient_definition": "J_nuisance.T @ r is the gradient of chi2/2. At lower bounds positive gradients are KKT-compatible; at upper bounds negative gradients are KKT-compatible. Bound tolerance is 1e-5 in each parameter native unit.",
    "bound_tolerance_native_units": 1e-05,
    "max_abs_raw_gradient": 33.96545466264567,
    "max_abs_bound_projected_gradient": 1.525409174563103,
    "max_abs_column_normalized_bound_projected_gradient": 0.005611892597451086,
    "strongest_column_normalized_feasible_gradients": [
      {
        "parameter": "logN_41",
        "value": 0.005611892597451086
      },
      {
        "parameter": "v_40",
        "value": 0.0032089575590541677
      },
      {
        "parameter": "logb_39",
        "value": 0.0030680752627675126
      },
      {
        "parameter": "logN_33",
        "value": 0.0028526783259641133
      },
      {
        "parameter": "logb_41",
        "value": -0.0026047728189116798
      },
      {
        "parameter": "logN_40",
        "value": 0.0025030486302872346
      },
      {
        "parameter": "logb_35",
        "value": 0.002429072593943816
      },
      {
        "parameter": "logN_35",
        "value": 0.002192661848814438
      },
      {
        "parameter": "logN_38",
        "value": 0.002052973902326404
      },
      {
        "parameter": "logN_34",
        "value": 0.0020097765347391323
      }
    ],
    "nuisance_unconstrained_tangent_chi2_improvement": 26.357796380428226,
    "unconstrained_tangent_step_violated_bound_count": 72,
    "unconstrained_tangent_step_violated_bound_parameters": [
      "logN_0",
      "logN_5",
      "logN_6",
      "logN_8",
      "logN_9",
      "logN_10",
      "logN_19",
      "logN_20",
      "logN_21",
      "logN_22",
      "logN_23",
      "logN_24",
      "logN_25",
      "logN_26",
      "logN_27",
      "logN_28",
      "logN_29",
      "logN_30",
      "logN_32",
      "logN_33",
      "logN_34",
      "logN_35",
      "logN_38",
      "logN_40",
      "logN_44",
      "v_5",
      "v_6",
      "v_9",
      "v_10",
      "v_17",
      "v_23",
      "v_24",
      "v_25",
      "v_27",
      "v_29",
      "v_30",
      "v_32",
      "v_33",
      "v_34",
      "v_35",
      "v_38",
      "v_41",
      "v_42",
      "v_44",
      "logb_0",
      "logb_9",
      "logb_10",
      "logb_17",
      "logb_19",
      "logb_20",
      "logb_21",
      "logb_23",
      "logb_24",
      "logb_25",
      "logb_27",
      "logb_29",
      "logb_30",
      "logb_31",
      "logb_32",
      "logb_33",
      "logb_34",
      "logb_35",
      "logb_36",
      "logb_38",
      "logb_44",
      "continuum0_2344",
      "continuum1_2344",
      "continuum0_2382",
      "continuum1_2382",
      "continuum0_2586",
      "continuum0_2600",
      "continuum1_2600"
    ],
    "unconstrained_tangent_step_max_fraction_of_bound_width": 64630.717214585966,
    "interpretation": "Column-normalized projected gradients diagnose first-order stationarity near the current fit. An unconstrained SVD tangent step may demand large, bound-violating changes; its improvement is not an achievable constrained nonlinear chi2 reduction."
  },
  "monte_carlo": {
    "seed": 2609201741,
    "draws": 20000,
    "noise_dimension": 2931,
    "sample_generation": "Independent standard Gaussian values at every retained pixel, projected onto the fixed efficient-shift basis.",
    "effective_score_degrees_of_freedom": 5,
    "sample_score_mean": 4.9721597451126875,
    "theoretical_score_mean": 5,
    "sample_score_variance": 10.015995880935591,
    "theoretical_score_variance": 10,
    "score_quantiles": {
      "0.5": 4.309241814644311,
      "0.9": 9.238119228423667,
      "0.95": 11.12573279098312,
      "0.99": 15.064434083382343
    },
    "theoretical_score_quantiles": {
      "0.5": 4.351460191095526,
      "0.9": 9.236356899781123,
      "0.95": 11.070497693516351,
      "0.99": 15.08627246938899
    },
    "exceedances": 0,
    "observed_score_mc_probability_add_one": 4.999750012499375e-05,
    "probability_resolution": 4.999750012499375e-05,
    "probability_note": "A finite simulation count is a resolution limit, not proof that the probability equals zero. Only the fixed tangent Gaussian null is simulated.",
    "estimated_shift_sd_km_s": [
      0.14330784798219126,
      0.020117445475965424,
      0.023302592556511972,
      0.017936727112407843,
      0.02172270481471811
    ],
    "theoretical_shift_sd_km_s": [
      0.14444304660240087,
      0.02000855311809126,
      0.023270992604151473,
      0.017795083346880274,
      0.021772467366473557
    ],
    "fractional_sd_error": [
      -0.007859143426504955,
      0.005442290466056043,
      0.0013579116670279223,
      0.007959713521229483,
      -0.002285572457996765
    ],
    "estimated_shift_covariance_km2_s2": [
      [
        0.02053713929328677,
        4.5346894608768896e-05,
        2.1922497453034255e-05,
        1.5121487473640106e-05,
        2.250510321250648e-05
      ],
      [
        4.5346894608768896e-05,
        0.0004047116124784407,
        0.00033097567116021866,
        0.00027128928569179213,
        0.0003331313278541366
      ],
      [
        2.1922497453034255e-05,
        0.00033097567116021866,
        0.0005430108198548075,
        0.0002797569946152428,
        0.00041122598131682845
      ],
      [
        1.5121487473640106e-05,
        0.00027128928569179213,
        0.0002797569946152428,
        0.00032172617950498747,
        0.0002807709092528247
      ],
      [
        2.250510321250648e-05,
        0.0003331313278541366,
        0.00041122598131682845,
        0.0002807709092528247,
        0.0004718759044673746
      ]
    ]
  },
  "exact_forward_injections": [
    {
      "injected_line": 2600,
      "reference_line": 2374,
      "injected_shift_km_s": -0.05,
      "local_estimator_recovered_shifts_km_s": [
        -7.65206864297479e-06,
        2.685306517252616e-05,
        -8.223319136154748e-05,
        2.668308967057904e-06,
        -0.05008385395328711
      ],
      "linear_signal_recovered_shifts_km_s": [
        -5.472732811769238e-18,
        -2.5263498805688355e-17,
        -2.6527483721228585e-17,
        -1.8467674060528298e-17,
        -0.050000000000000044
      ],
      "true_shifts_km_s": [
        0.0,
        0.0,
        0.0,
        0.0,
        -0.05
      ],
      "nonlinear_local_estimator_bias_km_s": [
        -7.65206864297479e-06,
        2.685306517252616e-05,
        -8.223319136154748e-05,
        2.668308967057904e-06,
        -8.385395328710382e-05
      ],
      "target_recovered_km_s": -0.05008385395328711,
      "target_bias_m_s": -0.08385395328710382,
      "target_bias_in_conditional_sigma": -0.0038513757708612648,
      "max_abs_nonlinear_minus_tangent_whitened_residual": 0.01553089311208386,
      "rms_nonlinear_minus_tangent_whitened_residual": 0.0016185842195835336,
      "max_abs_nonlinear_minus_tangent_normalized_flux": 8.89896089664628e-05,
      "effective_signal_to_noise": 4.521680205065254,
      "injected_signal_chi2_noncentrality": 20.445591876878954,
      "local_estimator_noise_sigma_km_s": [
        0.14444304660240087,
        0.02000855311809126,
        0.023270992604151473,
        0.017795083346880274,
        0.021772467366473557
      ],
      "interpretation": "Synthetic flux generated by exact nonlinear conventional forward model; recovery uses only the baseline projected local estimator, not a nonlinear refit."
    },
    {
      "injected_line": 2600,
      "reference_line": 2374,
      "injected_shift_km_s": 0.05,
      "local_estimator_recovered_shifts_km_s": [
        -7.647883863951463e-06,
        2.763613704601098e-05,
        -8.050955366209571e-05,
        2.6625316514261982e-06,
        0.04990542439087197
      ],
      "linear_signal_recovered_shifts_km_s": [
        5.472732811769238e-18,
        2.5263498805688355e-17,
        2.6527483721228585e-17,
        1.8467674060528298e-17,
        0.050000000000000044
      ],
      "true_shifts_km_s": [
        0.0,
        0.0,
        0.0,
        0.0,
        0.05
      ],
      "nonlinear_local_estimator_bias_km_s": [
        -7.647883863951463e-06,
        2.763613704601098e-05,
        -8.050955366209571e-05,
        2.6625316514261982e-06,
        -9.457560912803226e-05
      ],
      "target_recovered_km_s": 0.04990542439087197,
      "target_bias_m_s": -0.09457560912803226,
      "target_bias_in_conditional_sigma": -0.004343816781816148,
      "max_abs_nonlinear_minus_tangent_whitened_residual": 0.015338776014487798,
      "rms_nonlinear_minus_tangent_whitened_residual": 0.0016172476830967398,
      "max_abs_nonlinear_minus_tangent_normalized_flux": 8.925958264045341e-05,
      "effective_signal_to_noise": 4.5109357280157205,
      "injected_signal_chi2_noncentrality": 20.348541142288717,
      "local_estimator_noise_sigma_km_s": [
        0.14444304660240087,
        0.02000855311809126,
        0.023270992604151473,
        0.017795083346880274,
        0.021772467366473557
      ],
      "interpretation": "Synthetic flux generated by exact nonlinear conventional forward model; recovery uses only the baseline projected local estimator, not a nonlinear refit."
    },
    {
      "injected_line": 2600,
      "reference_line": 2374,
      "injected_shift_km_s": 0.1,
      "local_estimator_recovered_shifts_km_s": [
        -3.0638011125061044e-05,
        0.00011218146550286785,
        -0.00031835039907213435,
        1.0715166484791207e-05,
        0.09960055033917395
      ],
      "linear_signal_recovered_shifts_km_s": [
        1.0945465623538476e-17,
        5.052699761137671e-17,
        5.305496744245717e-17,
        3.6935348121056597e-17,
        0.10000000000000009
      ],
      "true_shifts_km_s": [
        0.0,
        0.0,
        0.0,
        0.0,
        0.1
      ],
      "nonlinear_local_estimator_bias_km_s": [
        -3.0638011125061044e-05,
        0.00011218146550286785,
        -0.00031835039907213435,
        1.0715166484791207e-05,
        -0.0003994496608260567
      ],
      "target_recovered_km_s": 0.09960055033917395,
      "target_bias_m_s": -0.3994496608260567,
      "target_bias_in_conditional_sigma": -0.018346549984553026,
      "max_abs_nonlinear_minus_tangent_whitened_residual": 0.06183027472208136,
      "rms_nonlinear_minus_tangent_whitened_residual": 0.006465127014346356,
      "max_abs_nonlinear_minus_tangent_normalized_flux": 0.0003573625123963384,
      "effective_signal_to_noise": 9.007982476452284,
      "injected_signal_chi2_noncentrality": 81.14374829607141,
      "local_estimator_noise_sigma_km_s": [
        0.14444304660240087,
        0.02000855311809126,
        0.023270992604151473,
        0.017795083346880274,
        0.021772467366473557
      ],
      "interpretation": "Synthetic flux generated by exact nonlinear conventional forward model; recovery uses only the baseline projected local estimator, not a nonlinear refit."
    },
    {
      "injected_line": 2600,
      "reference_line": 2374,
      "injected_shift_km_s": 0.2,
      "local_estimator_recovered_shifts_km_s": [
        -0.00012328582972083292,
        0.0004623143054443213,
        -0.0012421620179990033,
        4.3970648541160216e-05,
        0.1982355483817949
      ],
      "linear_signal_recovered_shifts_km_s": [
        2.189093124707695e-17,
        1.0105399522275342e-16,
        1.0610993488491434e-16,
        7.387069624211319e-17,
        0.20000000000000018
      ],
      "true_shifts_km_s": [
        0.0,
        0.0,
        0.0,
        0.0,
        0.2
      ],
      "nonlinear_local_estimator_bias_km_s": [
        -0.00012328582972083292,
        0.0004623143054443213,
        -0.0012421620179990033,
        4.3970648541160216e-05,
        -0.0017644516182050984
      ],
      "target_recovered_km_s": 0.1982355483817949,
      "target_bias_m_s": -1.7644516182050984,
      "target_bias_in_conditional_sigma": -0.08104049892489898,
      "max_abs_nonlinear_minus_tangent_whitened_residual": 0.2520853675941247,
      "rms_nonlinear_minus_tangent_whitened_residual": 0.02582010464956809,
      "max_abs_nonlinear_minus_tangent_normalized_flux": 0.0014302938555007345,
      "effective_signal_to_noise": 17.94798187387413,
      "injected_signal_chi2_noncentrality": 322.1300533449144,
      "local_estimator_noise_sigma_km_s": [
        0.14444304660240087,
        0.02000855311809126,
        0.023270992604151473,
        0.017795083346880274,
        0.021772467366473557
      ],
      "interpretation": "Synthetic flux generated by exact nonlinear conventional forward model; recovery uses only the baseline projected local estimator, not a nonlinear refit."
    }
  ],
  "checks": {
    "projection_algebra": {
      "recovered_known_shift_max_abs_error": 6.938893903907228e-17,
      "joint_lstsq_shift_max_abs_discrepancy": 8.187894806610529e-16,
      "joint_lstsq_delta_chi2_abs_discrepancy": 1.5543122344752192e-15
    },
    "baseline_chi2_reproduced": true,
    "five_shift_directions_identified": true,
    "nuisance_projection_max_overlap_below_1e_8": true,
    "all_mc_sd_fractional_errors_below_0_04": true,
    "exact_linear_signal_recovery_max_abs_error": 1.6653345369377348e-16,
    "shift_jacobian_finite_difference_relative_norm_error": 3.369033115980277e-08,
    "shift_jacobian_finite_difference_below_1e_6": true
  },
  "report": "/root/autodl-tmp/dsc_world/riemann_clock/experiments/highz_feasibility_2026-09-20/reports/espresso_null_local_controls_cn.md"
}
