{
  "primary": {
    "relative_singular_value_cutoff": 1e-10,
    "nuisance_rank": 145,
    "nuisance_columns": 147,
    "nuisance_singular_values": [
      1833.1274849822012,
      1781.3253931929266,
      1629.6086708622615,
      1415.4527901910938,
      1365.3692009005058,
      1361.4920937658994,
      1319.4412728743896,
      1197.7832632794587,
      1188.804010450963,
      1106.1538105844766,
      941.5317138269305,
      803.3347211313716,
      725.5640029875481,
      700.1013084331673,
      674.6016640511942,
      573.3315693225275,
      483.7238965114818,
      474.8523786772251,
      456.37163037972044,
      448.26552320353335,
      411.84449785267157,
      396.9575838709887,
      381.4208208598077,
      377.63854447330385,
      341.50195013070646,
      325.18215001684666,
      315.2755309238419,
      303.3805573995496,
      247.39213890569135,
      237.6515067238026,
      211.96968798392467,
      181.61457797004402,
      160.98787292561713,
      150.20115375443984,
      145.81781311802868,
      143.24297171021195,
      138.3993027316469,
      131.0211274428397,
      128.39716321707468,
      121.08198808858756,
      108.86850123569413,
      104.53694240133058,
      103.96725137104715,
      99.80733199379775,
      95.30616254011402,
      85.93395762074533,
      71.87987713916478,
      69.69596548934452,
      67.85224548349404,
      66.41477914278681,
      62.33713213170009,
      61.362069910487214,
      59.5585291917397,
      52.58583945285088,
      50.034749848519475,
      49.11049721929431,
      48.5610939299304,
      46.35866139108371,
      39.324221091284336,
      38.082784052192814,
      37.210059356528,
      36.429171926985894,
      32.542002151739794,
      31.004904536441103,
      26.580726881888502,
      23.557781332925522,
      22.55671587743616,
      22.20396037394933,
      20.430558186495883,
      19.237167869985132,
      19.041740835691257,
      17.43090433864956,
      16.92509194793074,
      16.54506987217953,
      16.419781266381925,
      16.33263827992111,
      15.685378898733795,
      15.166204953216429,
      14.30625771999236,
      13.029676047250701,
      12.817467200662335,
      11.771327404916379,
      11.605116471133634,
      11.393056299873512,
      11.19235189279713,
      10.41683356133534,
      10.06506339408952,
      9.918055109488497,
      9.328141081145619,
      8.751225748665158,
      8.489442660336403,
      7.492796180018414,
      5.639822717588862,
      5.522907451863905,
      5.0245897273409375,
      4.525185537475493,
      4.470053594613796,
      4.25750384117963,
      3.758288182543889,
      3.692563308100758,
      3.4090634710858714,
      3.292520872506504,
      3.1830623015017605,
      3.025912533237106,
      2.706475770441935,
      2.6771931381081044,
      2.5107431661922783,
      2.132281675763257,
      2.0796398287214584,
      1.9887551491515632,
      1.8700365464635111,
      1.8516414556924246,
      1.658228142140306,
      1.6236904951798359,
      1.306623384807529,
      1.2126097868133447,
      1.0822042058212433,
      0.9857613137720468,
      0.9181050206049047,
      0.9045841487908258,
      0.8363446589844747,
      0.7418767169725875,
      0.6522638916592515,
      0.5630780278214105,
      0.5498913204802697,
      0.5125908697763019,
      0.37043437719954664,
      0.31321652601871436,
      0.27775312322727896,
      0.24117970617931295,
      0.19622235578642627,
      0.13959246872873196,
      0.13870626960435684,
      0.03401325144575274,
      0.03322724263013989,
      0.011044718107092054,
      0.00855348892959203,
      0.008146719940788099,
      0.005231695967933614,
      0.002569116494765864,
      0.00045325646975958114,
      0.00023539779918846875,
      0.0001221959416446337,
      1.194840937565396e-05,
      1.0061998652963157e-06,
      7.841915137889044e-08,
      4.602276444867371e-09
    ],
    "effective_shift_rank": 5,
    "effective_shift_columns": 5,
    "effective_shift_singular_values": [
      107.02620533511417,
      105.7821582726545,
      79.63921037012915,
      26.65150714206968,
      6.911762942891897
    ],
    "local_score_delta_chi2": 56.429975599227994,
    "conditional_chi2_survival": 6.62746686981773e-11,
    "local_shift_estimates_km_s": [
      0.09088078968208242,
      -0.05589000533149188,
      -0.12590011711929086,
      -0.015223390083413517,
      -0.1173107588880309
    ],
    "local_shift_sigma_km_s": [
      0.14468085402371794,
      0.020093335243300342,
      0.023283970749776478,
      0.017938841944526777,
      0.021783231901360237
    ],
    "local_conditional_covariance_km2_s2": [
      [
        0.02093254952103238,
        1.0702971959430936e-05,
        7.469202310920599e-06,
        -3.441562852542997e-06,
        3.963850565184214e-06
      ],
      [
        1.0702971959430936e-05,
        0.0004037421211996556,
        0.00032914280209729916,
        0.00027024299923688623,
        0.0003316485826692312
      ],
      [
        7.469202310920599e-06,
        0.00032914280209729916,
        0.0005421432938764465,
        0.0002789773835641002,
        0.00041166525842796476
      ],
      [
        -3.441562852542997e-06,
        0.0002702429992368862,
        0.0002789773835641002,
        0.00032180205031071327,
        0.0002824668139660087
      ],
      [
        3.963850565184214e-06,
        0.0003316485826692312,
        0.00041166525842796476,
        0.00028246681396600873,
        0.0004745091920684383
      ]
    ],
    "effective_shift_correlation": [
      [
        1.0,
        0.0036816397789657933,
        0.00221720635248853,
        -0.0013260205003310635,
        0.00125771979104845
      ],
      [
        0.0036816397789657933,
        0.9999999999999999,
        0.7035181186172464,
        0.7497354022588287,
        0.7577113635393524
      ],
      [
        0.00221720635248853,
        0.7035181186172464,
        0.9999999999999998,
        0.6679093888433465,
        0.81164264456109
      ],
      [
        -0.0013260205003310635,
        0.7497354022588286,
        0.6679093888433465,
        1.0000000000000002,
        0.7228542072005737
      ],
      [
        0.00125771979104845,
        0.7577113635393524,
        0.81164264456109,
        0.7228542072005738,
        1.0
      ]
    ],
    "max_nuisance_shift_basis_overlap": 2.400857290751901e-15,
    "raw_residual_chi2": 2308.5497941145463,
    "nuisance_tangent_projected_residual_chi2": 2282.4405095714114,
    "interpretation": "Linear tangent-space score with diagonal known Gaussian pixel noise; this is not the nonlinear likelihood-ratio result or a discovery significance."
  },
  "monte_carlo": {
    "seed": 2609201741,
    "draws": 20000,
    "noise_dimension": 2931,
    "sample_generation": "Independent standard Gaussian values at every retained pixel, projected onto the fixed efficient-shift basis.",
    "effective_score_degrees_of_freedom": 5,
    "sample_score_mean": 4.971657012508039,
    "theoretical_score_mean": 5,
    "sample_score_variance": 10.026537097560242,
    "theoretical_score_variance": 10,
    "score_quantiles": {
      "0.5": 4.306913404016954,
      "0.9": 9.268993471802538,
      "0.95": 11.103340985045643,
      "0.99": 15.0158474252796
    },
    "theoretical_score_quantiles": {
      "0.5": 4.351460191095526,
      "0.9": 9.236356899781123,
      "0.95": 11.070497693516351,
      "0.99": 15.08627246938899
    },
    "exceedances": 0,
    "observed_score_mc_probability_add_one": 4.999750012499375e-05,
    "probability_resolution": 4.999750012499375e-05,
    "probability_note": "A finite simulation count is a resolution limit, not proof that the probability equals zero. Only the fixed tangent Gaussian null is simulated.",
    "estimated_shift_sd_km_s": [
      0.14355610765521984,
      0.020218524385441885,
      0.023312764102849527,
      0.01810409645025375,
      0.021748898010365978
    ],
    "theoretical_shift_sd_km_s": [
      0.14468085402371794,
      0.020093335243300342,
      0.023283970749776478,
      0.017938841944526777,
      0.021783231901360237
    ],
    "fractional_sd_error": [
      -0.007773982093813969,
      0.006230381398891094,
      0.0012366169577551211,
      0.009212105566122952,
      -0.0015761614782292543
    ],
    "estimated_shift_covariance_km2_s2": [
      [
        0.020608356045117113,
        3.304650943571213e-05,
        8.650219261006233e-06,
        -1.4679255189061382e-07,
        9.062096814541126e-06
      ],
      [
        3.304650943571213e-05,
        0.0004087887283247086,
        0.00033396906177786894,
        0.00027628344996999437,
        0.00033627930797652307
      ],
      [
        8.650219261006233e-06,
        0.00033396906177786894,
        0.0005434849701151086,
        0.00028442060052756546,
        0.0004120972778781614
      ],
      [
        -1.4679255189061382e-07,
        0.00027628344996999437,
        0.00028442060052756546,
        0.0003277583082800886,
        0.00028551966036253487
      ],
      [
        9.062096814541126e-06,
        0.00033627930797652307,
        0.0004120972778781614,
        0.00028551966036253487,
        0.000473014564665302
      ]
    ]
  },
  "exact_forward_injections": [
    {
      "injected_line": 2600,
      "reference_line": 2374,
      "injected_shift_km_s": -0.05,
      "local_estimator_recovered_shifts_km_s": [
        -3.875373670450501e-05,
        3.373027052166834e-05,
        -7.680752560269395e-05,
        9.205855573138989e-06,
        -0.050078888188779674
      ],
      "linear_signal_recovered_shifts_km_s": [
        8.795643063847858e-18,
        2.7698824408162875e-17,
        3.15256133847394e-17,
        2.895897120566086e-17,
        -0.04999999999999998
      ],
      "true_shifts_km_s": [
        0.0,
        0.0,
        0.0,
        0.0,
        -0.05
      ],
      "nonlinear_local_estimator_bias_km_s": [
        -3.875373670450501e-05,
        3.373027052166834e-05,
        -7.680752560269395e-05,
        9.205855573138989e-06,
        -7.888818877967163e-05
      ],
      "target_recovered_km_s": -0.050078888188779674,
      "target_bias_m_s": -0.07888818877967163,
      "target_bias_in_conditional_sigma": -0.0036215098446776175,
      "max_abs_nonlinear_minus_tangent_whitened_residual": 0.015418095116383965,
      "rms_nonlinear_minus_tangent_whitened_residual": 0.0016188340118645898,
      "max_abs_nonlinear_minus_tangent_normalized_flux": 8.833645392311888e-05,
      "effective_signal_to_noise": 4.530640285314204,
      "injected_signal_chi2_noncentrality": 20.526701394911974,
      "local_estimator_noise_sigma_km_s": [
        0.14468085402371794,
        0.020093335243300342,
        0.023283970749776478,
        0.017938841944526777,
        0.021783231901360237
      ],
      "interpretation": "Synthetic flux generated by exact nonlinear conventional forward model; recovery uses only the baseline projected local estimator, not a nonlinear refit."
    },
    {
      "injected_line": 2600,
      "reference_line": 2374,
      "injected_shift_km_s": 0.05,
      "local_estimator_recovered_shifts_km_s": [
        -3.9205085822404584e-05,
        3.468178588258694e-05,
        -7.485913299381518e-05,
        9.450951676599687e-06,
        0.04991063918408938
      ],
      "linear_signal_recovered_shifts_km_s": [
        -8.795643063847858e-18,
        -2.7698824408162875e-17,
        -3.15256133847394e-17,
        -2.895897120566086e-17,
        0.04999999999999998
      ],
      "true_shifts_km_s": [
        0.0,
        0.0,
        0.0,
        0.0,
        0.05
      ],
      "nonlinear_local_estimator_bias_km_s": [
        -3.9205085822404584e-05,
        3.468178588258694e-05,
        -7.485913299381518e-05,
        9.450951676599687e-06,
        -8.936081591062045e-05
      ],
      "target_recovered_km_s": 0.04991063918408938,
      "target_bias_m_s": -0.08936081591062045,
      "target_bias_in_conditional_sigma": -0.004102275379304041,
      "max_abs_nonlinear_minus_tangent_whitened_residual": 0.01534900317053775,
      "rms_nonlinear_minus_tangent_whitened_residual": 0.0016174688372379148,
      "max_abs_nonlinear_minus_tangent_normalized_flux": 8.852690275287475e-05,
      "effective_signal_to_noise": 4.519644375679302,
      "injected_signal_chi2_noncentrality": 20.42718528260955,
      "local_estimator_noise_sigma_km_s": [
        0.14468085402371794,
        0.020093335243300342,
        0.023283970749776478,
        0.017938841944526777,
        0.021783231901360237
      ],
      "interpretation": "Synthetic flux generated by exact nonlinear conventional forward model; recovery uses only the baseline projected local estimator, not a nonlinear refit."
    },
    {
      "injected_line": 2600,
      "reference_line": 2374,
      "injected_shift_km_s": 0.1,
      "local_estimator_recovered_shifts_km_s": [
        -0.00015775576960838539,
        0.00014068827203346477,
        -0.0002952874658902819,
        3.837797094983967e-05,
        0.09962191555721894
      ],
      "linear_signal_recovered_shifts_km_s": [
        -1.7591286127695716e-17,
        -5.539764881632575e-17,
        -6.30512267694788e-17,
        -5.791794241132172e-17,
        0.09999999999999996
      ],
      "true_shifts_km_s": [
        0.0,
        0.0,
        0.0,
        0.0,
        0.1
      ],
      "nonlinear_local_estimator_bias_km_s": [
        -0.00015775576960838539,
        0.00014068827203346477,
        -0.0002952874658902819,
        3.837797094983967e-05,
        -0.00037808444278106257
      ],
      "target_recovered_km_s": 0.09962191555721894,
      "target_bias_m_s": -0.37808444278106257,
      "target_bias_in_conditional_sigma": -0.01735667344924393,
      "max_abs_nonlinear_minus_tangent_whitened_residual": 0.06206340217367001,
      "rms_nonlinear_minus_tangent_whitened_residual": 0.006465964207981499,
      "max_abs_nonlinear_minus_tangent_normalized_flux": 0.00035427973052542454,
      "effective_signal_to_noise": 9.025155161327575,
      "injected_signal_chi2_noncentrality": 81.45342568603776,
      "local_estimator_noise_sigma_km_s": [
        0.14468085402371794,
        0.020093335243300342,
        0.023283970749776478,
        0.017938841944526777,
        0.021783231901360237
      ],
      "interpretation": "Synthetic flux generated by exact nonlinear conventional forward model; recovery uses only the baseline projected local estimator, not a nonlinear refit."
    },
    {
      "injected_line": 2600,
      "reference_line": 2374,
      "injected_shift_km_s": 0.2,
      "local_estimator_recovered_shifts_km_s": [
        -0.0006386525098848618,
        0.0005788307169936561,
        -0.0011461341069317458,
        0.00015874911830854907,
        0.1983251099395595
      ],
      "linear_signal_recovered_shifts_km_s": [
        -3.518257225539143e-17,
        -1.107952976326515e-16,
        -1.261024535389576e-16,
        -1.1583588482264344e-16,
        0.19999999999999993
      ],
      "true_shifts_km_s": [
        0.0,
        0.0,
        0.0,
        0.0,
        0.2
      ],
      "nonlinear_local_estimator_bias_km_s": [
        -0.0006386525098848618,
        0.0005788307169936561,
        -0.0011461341069317458,
        0.00015874911830854907,
        -0.0016748900604404982
      ],
      "target_recovered_km_s": 0.1983251099395595,
      "target_bias_m_s": -1.6748900604404982,
      "target_bias_in_conditional_sigma": -0.0768889606475663,
      "max_abs_nonlinear_minus_tangent_whitened_residual": 0.25275577903177193,
      "rms_nonlinear_minus_tangent_whitened_residual": 0.02582314912682648,
      "max_abs_nonlinear_minus_tangent_normalized_flux": 0.0014168110976368483,
      "effective_signal_to_noise": 17.981380133235394,
      "injected_signal_chi2_noncentrality": 323.3300314959125,
      "local_estimator_noise_sigma_km_s": [
        0.14468085402371794,
        0.020093335243300342,
        0.023283970749776478,
        0.017938841944526777,
        0.021783231901360237
      ],
      "interpretation": "Synthetic flux generated by exact nonlinear conventional forward model; recovery uses only the baseline projected local estimator, not a nonlinear refit."
    }
  ],
  "checks": {
    "projection_algebra": {
      "recovered_known_shift_max_abs_error": 6.938893903907228e-17,
      "joint_lstsq_shift_max_abs_discrepancy": 8.187894806610529e-16,
      "joint_lstsq_delta_chi2_abs_discrepancy": 1.5543122344752192e-15
    },
    "baseline_chi2_reproduced": true,
    "five_shift_directions_identified": true,
    "nuisance_projection_max_overlap_below_1e_8": true,
    "all_mc_sd_fractional_errors_below_0_04": true,
    "exact_linear_signal_recovery_max_abs_error": 1.261024535389576e-16,
    "shift_jacobian_finite_difference_relative_norm_error": 2.5109774810923137e-08,
    "shift_jacobian_finite_difference_below_1e_6": true
  },
  "report": "/root/autodl-tmp/dsc_world/riemann_clock/experiments/highz_feasibility_2026-09-20/reports/espresso_null_local_controls_provisional_cn.md"
}
