{
  "primary_blue": {
    "relative_singular_value_cutoff": 1e-10,
    "nuisance_rank": 91,
    "nuisance_columns": 147,
    "nuisance_singular_values": [
      1416.1532091045158,
      1359.4008658747655,
      1274.6285433531318,
      1129.022334709353,
      1118.7990918881737,
      817.3534478742362,
      706.2939460573625,
      629.434588961479,
      485.822719219942,
      465.234449915376,
      453.31518031791506,
      372.44536349575975,
      309.9858849310256,
      297.61870698449576,
      275.0708017972041,
      262.4868803158963,
      218.27706583177078,
      211.16279304663973,
      173.58407403549867,
      162.00685909647603,
      158.96908932035024,
      155.5520242720475,
      139.89180698854022,
      134.57815311948934,
      123.323876296022,
      121.09084572269617,
      119.17167974685249,
      101.18844402949868,
      88.93427933229214,
      77.02498332867498,
      71.1179675519592,
      59.40865103759357,
      57.54453613712162,
      50.46465773771641,
      44.79117061514528,
      38.347624898773674,
      30.962243448754965,
      28.224659370877518,
      25.439126133229532,
      22.65711057585514,
      21.147725056116528,
      20.052923251225753,
      19.766599475556543,
      18.10738281958621,
      17.21510395631915,
      16.068092580492152,
      14.653953782300771,
      12.85075994351137,
      11.645520013369529,
      9.419255495241092,
      7.3315863593891795,
      7.25297999859023,
      6.620663396360209,
      6.342296186648859,
      4.259442402260882,
      3.90886925343333,
      3.6766280668272993,
      3.521018318210967,
      2.8891008220139267,
      2.641429365037469,
      2.513963094372309,
      2.1699993524763355,
      2.101803452275244,
      1.9592493219806535,
      1.3430982362105277,
      1.27317701293942,
      1.1288886744389874,
      1.0111997498863106,
      0.9789252325201788,
      0.8137391669898881,
      0.6667015883668187,
      0.3328678710167048,
      0.2756969605841165,
      0.26126174293914295,
      0.14131566372255225,
      0.13276726500898867,
      0.08791822826881379,
      0.0361842400470681,
      0.0030607375214843817,
      0.0015103519913984148,
      0.0012249052819027918,
      0.0008633464165349421,
      0.0006523540018112796,
      0.0002329151558202927,
      7.673072477964364e-05,
      1.5743401822214728e-05,
      7.40615272977583e-06,
      2.7551679616389987e-06,
      2.478872895150351e-06,
      9.725206135768188e-07,
      5.096110192943189e-07,
      9.613386480014376e-08,
      1.6079881818239248e-08,
      4.1766810905440534e-09,
      2.5871207366247913e-09,
      7.381652987893853e-10,
      1.584907114537499e-10,
      3.124580888957242e-11,
      7.428223971543702e-12,
      4.328368667777389e-12,
      6.288983596578549e-13,
      2.4330472246747577e-13,
      1.1004818240491225e-13,
      1.1004818240491225e-13,
      1.1004818240491225e-13,
      1.1004818240491225e-13,
      1.1004818240491225e-13,
      1.1004818240491225e-13,
      1.1004818240491225e-13,
      1.1004818240491225e-13,
      1.1004818240491225e-13,
      1.1004818240491225e-13,
      1.1004818240491225e-13,
      1.1004818240491225e-13,
      1.1004818240491225e-13,
      1.1004818240491225e-13,
      1.1004818240491225e-13,
      1.1004818240491225e-13,
      1.1004818240491225e-13,
      1.1004818240491225e-13,
      1.1004818240491225e-13,
      1.1004818240491225e-13,
      1.1004818240491225e-13,
      1.1004818240491225e-13,
      1.1004818240491225e-13,
      1.1004818240491225e-13,
      1.1004818240491225e-13,
      1.1004818240491225e-13,
      1.1004818240491225e-13,
      1.1004818240491225e-13,
      1.1004818240491225e-13,
      1.1004818240491225e-13,
      1.1004818240491225e-13,
      1.1004818240491225e-13,
      1.1004818240491225e-13,
      1.1004818240491225e-13,
      1.1004818240491225e-13,
      1.1004818240491225e-13,
      1.1004818240491225e-13,
      1.1004818240491225e-13,
      1.1004818240491225e-13,
      1.1004818240491225e-13,
      1.1004818240491225e-13,
      1.1004818240491225e-13,
      1.1004818240491225e-13,
      1.1004818240491225e-13,
      5.204704536991197e-14
    ],
    "effective_shift_rank": 5,
    "effective_shift_columns": 5,
    "effective_shift_singular_values": [
      71.2482526096338,
      68.98226611385942,
      44.843842450787,
      17.500625568078988,
      5.960762032852219
    ],
    "local_score_delta_chi2": 13.424791683913329,
    "conditional_chi2_survival": 0.019707117261899717,
    "local_shift_estimates_km_s": [
      0.0889896354752373,
      -0.04825821126774041,
      -0.08713272120527522,
      -0.014228342690041675,
      -0.10274947136902787
    ],
    "local_shift_sigma_km_s": [
      0.16775969821520198,
      0.031472096223852476,
      0.0373559602886134,
      0.024979152963528244,
      0.03407255309497386
    ],
    "local_conditional_covariance_km2_s2": [
      [
        0.028143316345255645,
        -5.145639461758361e-05,
        -0.00010410720176574061,
        -0.00010033399770437238,
        -0.00010406473045687681
      ],
      [
        -5.14563946175836e-05,
        0.0009904928407234294,
        0.0007302574865395583,
        0.0005770619156036233,
        0.000753875567643047
      ],
      [
        -0.0001041072017657406,
        0.0007302574865395584,
        0.0013954677690844611,
        0.0005599627691173321,
        0.0010418730290122425
      ],
      [
        -0.00010033399770437238,
        0.0005770619156036233,
        0.0005599627691173322,
        0.0006239580827753419,
        0.00057729168253829
      ],
      [
        -0.00010406473045687681,
        0.000753875567643047,
        0.0010418730290122425,
        0.0005772916825382898,
        0.001160938874409813
      ]
    ],
    "effective_shift_correlation": [
      [
        1.0000000000000002,
        -0.009745991914216157,
        -0.016612432611851233,
        -0.023943231958426698,
        -0.01820586216958612
      ],
      [
        -0.009745991914216155,
        1.0,
        0.6211413513419782,
        0.7340388315127495,
        0.7030226560949728
      ],
      [
        -0.01661243261185123,
        0.6211413513419783,
        1.0,
        0.6000971165596821,
        0.8185594253369083
      ],
      [
        -0.023943231958426698,
        0.7340388315127495,
        0.6000971165596822,
        1.0,
        0.6782860979249873
      ],
      [
        -0.01820586216958612,
        0.7030226560949728,
        0.8185594253369083,
        0.6782860979249872,
        1.0000000000000002
      ]
    ],
    "max_nuisance_shift_basis_overlap": 1.6289978451596116e-15,
    "raw_residual_chi2": 988.3727401773399,
    "nuisance_tangent_projected_residual_chi2": 941.151987664241,
    "interpretation": "Linear tangent-space score with diagonal known Gaussian pixel noise; this is not the nonlinear likelihood-ratio result or a discovery significance.",
    "unconstrained_nuisance_tangent_step_bound_violation_count": 112,
    "unconstrained_nuisance_tangent_step_max_fraction_of_bound_width": 378060.7671109256
  },
  "primary_red": {
    "relative_singular_value_cutoff": 1e-10,
    "nuisance_rank": 90,
    "nuisance_columns": 147,
    "nuisance_singular_values": [
      1464.7336676166497,
      1404.6997825172994,
      1352.096242268873,
      1169.7061138652648,
      978.204157059431,
      935.8347515986134,
      821.4531102856374,
      705.2610455541494,
      619.9288842622275,
      466.62382296512,
      435.57435528741394,
      380.6965912891754,
      360.8597776053426,
      339.515368507225,
      334.7291213026824,
      314.32041403644433,
      290.58273350751693,
      258.68531476867685,
      210.61319089818622,
      186.51207708612571,
      184.65031023655519,
      165.55370827563098,
      161.93734897042629,
      147.98112213352402,
      129.334046072611,
      114.71103588331623,
      104.8796903270221,
      98.48622914894513,
      87.7684026343677,
      74.0973296499866,
      72.37591724755754,
      68.36539130925799,
      63.33607912511655,
      52.27668084616735,
      40.21281615635755,
      32.2214340896015,
      31.54274671799576,
      28.07872469498214,
      24.221804388096377,
      23.015247714099083,
      18.488168369141075,
      18.024156719048907,
      15.894215872010463,
      14.18647547471364,
      13.745277956308632,
      13.412778570769632,
      11.94994482360183,
      11.362819892781506,
      10.957951414087614,
      10.76655118860801,
      8.972854521372822,
      6.362597063847788,
      6.172932560975433,
      5.835899343049633,
      4.279847038668552,
      4.071269622866044,
      3.9606864145969602,
      3.7905215728390744,
      3.2103668982823197,
      2.3575963795638772,
      2.039996067003702,
      1.9987848101740737,
      1.8767427421539946,
      1.5130671581971675,
      1.04033020975349,
      0.9294194182165045,
      0.7538339215628769,
      0.5620670741432292,
      0.44522463511904753,
      0.3633479638346255,
      0.31528077298792223,
      0.27401823547676885,
      0.21056661748257124,
      0.12185944376577935,
      0.09911513074362224,
      0.03802031869888056,
      0.037626385903393025,
      0.010077760550944507,
      0.009100696915200853,
      0.005875660008891623,
      0.002983551123109201,
      0.0018783863607538642,
      0.0015346606614859459,
      0.0001661966233054465,
      3.485308779924031e-05,
      2.3322343815870652e-05,
      7.125225981916334e-06,
      4.068197154546502e-06,
      1.6772816840978457e-06,
      3.718728588604034e-07,
      5.7005427939955704e-08,
      1.0573372443632668e-08,
      4.317943817862318e-09,
      8.501715125712196e-10,
      4.2879972272100665e-10,
      1.648331801883678e-10,
      2.8853376290931183e-11,
      3.4546703011653457e-12,
      7.691899422378991e-13,
      5.991908051978942e-13,
      2.0354681519530798e-13,
      1.703148754399862e-13,
      1.2419330563479791e-13,
      1.2419330563479791e-13,
      1.2419330563479791e-13,
      1.2419330563479791e-13,
      1.2419330563479791e-13,
      1.2419330563479791e-13,
      1.2419330563479791e-13,
      1.2419330563479791e-13,
      1.2419330563479791e-13,
      1.2419330563479791e-13,
      1.2419330563479791e-13,
      1.2419330563479791e-13,
      1.2419330563479791e-13,
      1.2419330563479791e-13,
      1.2419330563479791e-13,
      1.2419330563479791e-13,
      1.2419330563479791e-13,
      1.2419330563479791e-13,
      1.2419330563479791e-13,
      1.2419330563479791e-13,
      1.2419330563479791e-13,
      1.2419330563479791e-13,
      1.2419330563479791e-13,
      1.2419330563479791e-13,
      1.2419330563479791e-13,
      1.2419330563479791e-13,
      1.2419330563479791e-13,
      1.2419330563479791e-13,
      1.2419330563479791e-13,
      1.2419330563479791e-13,
      1.2419330563479791e-13,
      1.2419330563479791e-13,
      1.2419330563479791e-13,
      1.2419330563479791e-13,
      1.2419330563479791e-13,
      1.2419330563479791e-13,
      1.2419330563479791e-13,
      1.2419330563479791e-13,
      1.2419330563479791e-13,
      1.2419330563479791e-13,
      1.2419330563479791e-13,
      1.2419330563479791e-13,
      1.2419330563479791e-13,
      7.875309115429937e-14,
      7.601242409230056e-14
    ],
    "effective_shift_rank": 5,
    "effective_shift_columns": 5,
    "effective_shift_singular_values": [
      75.1068543398727,
      68.59066192132451,
      49.018435480659186,
      16.843233568091705,
      3.3461562469396995
    ],
    "local_score_delta_chi2": 42.506312855164424,
    "conditional_chi2_survival": 4.652076402869e-08,
    "local_shift_estimates_km_s": [
      0.06396332843660917,
      -0.07185658640357259,
      -0.17742136981235118,
      -0.024738918832470473,
      -0.139754419394474
    ],
    "local_shift_sigma_km_s": [
      0.2987990600713622,
      0.0343256990413391,
      0.0356168551193582,
      0.02835228997007717,
      0.03333043790629223
    ],
    "local_conditional_covariance_km2_s2": [
      [
        0.08928087829952952,
        0.0010337991146200207,
        0.0006711039369787495,
        0.0007346049799026791,
        0.0007574759476007975
      ],
      [
        0.0010337991146200205,
        0.0011782536146765878,
        0.0008278755175228689,
        0.0007490415906760252,
        0.0008867757825707375
      ],
      [
        0.0006711039369787494,
        0.0008278755175228689,
        0.0012685603685933526,
        0.0007034071162778979,
        0.0009779142071603517
      ],
      [
        0.000734604979902679,
        0.0007490415906760251,
        0.0007034071162778978,
        0.0008038523465473385,
        0.0007210016392953769
      ],
      [
        0.0007574759476007974,
        0.0008867757825707375,
        0.0009779142071603517,
        0.0007210016392953769,
        0.0011109180910252022
      ]
    ],
    "effective_shift_correlation": [
      [
        1.0,
        0.10079466331362821,
        0.06306014861191152,
        0.08671345672636538,
        0.07605864787117018
      ],
      [
        0.1007946633136282,
        0.9999999999999998,
        0.6771581026694801,
        0.769659085376809,
        0.7750922852567637
      ],
      [
        0.0630601486119115,
        0.6771581026694801,
        1.0000000000000002,
        0.6965672410094417,
        0.8237665753805906
      ],
      [
        0.08671345672636536,
        0.7696590853768089,
        0.6965672410094416,
        1.0,
        0.762969347865248
      ],
      [
        0.07605864787117017,
        0.7750922852567637,
        0.8237665753805906,
        0.762969347865248,
        1.0
      ]
    ],
    "max_nuisance_shift_basis_overlap": 2.2383404943106542e-15,
    "raw_residual_chi2": 1173.3948751234288,
    "nuisance_tangent_projected_residual_chi2": 1090.9128145503144,
    "interpretation": "Linear tangent-space score with diagonal known Gaussian pixel noise; this is not the nonlinear likelihood-ratio result or a discovery significance.",
    "unconstrained_nuisance_tangent_step_bound_violation_count": 125,
    "unconstrained_nuisance_tangent_step_max_fraction_of_bound_width": 618407.5119577657
  },
  "difference": {
    "identifiable": true,
    "covariance_rank": 5,
    "difference_definition": "blue minus red",
    "difference_km_s": [
      0.02502630703862814,
      0.023598375135832184,
      0.09028864860707596,
      0.010510576142428799,
      0.03700494802544613
    ],
    "conditional_difference_sigma_km_s": [
      0.3426721387051844,
      0.04656980196865794,
      0.05161422417975314,
      0.03778637888608381,
      0.04766400072838006
    ],
    "conditional_standardized_difference": [
      0.0730328036974122,
      0.5067312751665594,
      1.749297796139184,
      0.27815780321568984,
      0.7763710024327158
    ],
    "conditional_covariance_sum_km2_s2": [
      [
        0.11742419464478517,
        0.000982342720002437,
        0.0005669967352130089,
        0.0006342709821983068,
        0.0006534112171439207
      ],
      [
        0.0009823427200024368,
        0.0021687464554000172,
        0.0015581330040624272,
        0.0013261035062796485,
        0.0016406513502137845
      ],
      [
        0.0005669967352130088,
        0.0015581330040624272,
        0.0026640281376778137,
        0.00126336988539523,
        0.002019787236172594
      ],
      [
        0.0006342709821983066,
        0.0013261035062796483,
        0.00126336988539523,
        0.0014278104293226805,
        0.0012982933218336668
      ],
      [
        0.0006534112171439206,
        0.0016406513502137845,
        0.002019787236172594,
        0.0012982933218336668,
        0.002271856965435015
      ]
    ],
    "covariance_eigenvalues": [
      0.0003849731790404962,
      0.00041617234086299427,
      0.0009256557976172347,
      0.006786589716026413,
      0.11744324559907354
    ],
    "joint_difference_chi2": 4.8739332930378145,
    "nominal_degrees_of_freedom": 5,
    "conditional_chi2_survival": 0.4314586350243297,
    "interpretation": "Disjoint-pixel conditional covariance sum, holding the fitted baseline and its tangent operators fixed. Correlated calibration/model errors, covariance between pixels, nonlinear refitting and post hoc selection are not calibrated.",
    "relative_singular_value_cutoff": 1e-10
  },
  "report": "/root/autodl-tmp/dsc_world/riemann_clock/experiments/highz_feasibility_2026-09-20/reports/espresso_velocity_split_local_controls_cn.md"
}
