J053007-250329 n4_null_s0_os9 DONE 7661.090594478748 16.949315474510506 True
J053007-250329 n4_null_s2_os9 DONE 7661.090697266936 16.949315701918 True
J053007-250329 n4_null_s1_os9 DONE 7661.090588779289 16.94931546190108 True
J053007-250329 n6_null_s0_os9 DONE 5664.049579333216 12.699662733930976 True
J053007-250329 n6_null_s2_os9 DONE 5664.049535460264 12.69966263556113 True
J053007-250329 n6_null_s1_os9 DONE 5664.049533074101 12.69966263021099 True
J053007-250329 n8_null_s0_os9 DONE 3115.388654518293 7.080428760268848 True
J053007-250329 n8_null_s1_os9 DONE 3104.4593004440912 7.0555893191911165 True
J053007-250329 n8_null_s2_os9 50 3251.760520542095
J053007-250329 n8_null_s2_os9 DONE 3251.699852988315 7.390226938609807 True
J053007-250329 n10_null_s0_os9 DONE 770.5888684249429 1.7755503880759054 True
J053007-250329 n10_null_s1_os9 DONE 770.5888640524745 1.7755503780010933 True
J053007-250329 n10_null_s2_os9 50 828.5842002580814
J053007-250329 n12_null_s0_os9 50 759.5757760588958
J053007-250329 n12_null_s1_os9 50 724.4376526474375
J053007-250329 n10_null_s2_os9 100 824.7821639839922
J053007-250329 n12_null_s1_os9 DONE 719.335322453448 1.6806900057323553 True
J053007-250329 n12_null_s0_os9 100 746.3161486955173
J053007-250329 n10_null_s2_os9 150 824.4541102917735
J053007-250329 n12_null_s2_os9 50 727.9392333799705
J053007-250329 n10_null_s2_os9 200 824.4028907184652
J053007-250329 n12_null_s0_os9 150 717.3313892941294
J053007-250329 n12_null_s2_os9 100 694.7329470658646
J053007-250329 n10_null_s2_os9 250 824.3291099037772
J053007-250329 n12_null_s2_os9 DONE 694.7328783532523 1.6232076597038605 True
J053007-250329 n12_null_s0_os9 200 714.5719520609408
J053007-250329 n12_null_s0_os9 DONE 713.677745437711 1.6674713678451192 True
J053007-250329 n10_null_s2_os9 300 824.3105108943112
J053007-250329 n16_null_s0_os9 50 510.4433353265741
J053007-250329 n10_null_s2_os9 350 824.2980829079805
J053007-250329 n10_null_s2_os9 DONE 824.2980829079805 1.899304338497651 False
J053007-250329 n16_null_s1_os9 50 517.9570199138873
J053007-250329 n16_null_s0_os9 100 489.0495247889892
J053007-250329 n16_null_s0_os9 DONE 489.04325391863296 1.1755847449967138 True
J053007-250329 n16_null_s1_os9 DONE 515.2691503935266 1.2386277653690543 True
J053007-250329 n16_null_s2_os9 50 488.8558470792789
J053007-250329 n16_null_s2_os9 DONE 482.29846013149813 1.1593712983930244 True
J053007-250329 n16_null_refined_os21 DONE 482.29846556457426 1.1593713114533035 True
J053007-250329 n16_shift_fromnull_os21 DONE 478.12242819501773 1.1576814242010114 True
J053007-250329 n16_null_cross_os21 DONE 482.29847502479555 1.15937133419422 True
J053007-250329 n16_profile2382_0_os21 DONE 482.028936396406 1.1643211024067777 True
J053007-250329 n16_profile2382_1_os21 DONE 479.0986399685953 1.1572430917115828 True
J053007-250329 n16_profile2382_2_os21 DONE 478.1224201626047 1.1548850728565332 True
J053007-250329 n16_profile2382_3_os21 DONE 479.0959410496703 1.1572365725837446 True
J053007-250329 n16_profile2382_4_os21 DONE 482.0120489597684 1.164280311497025 True
