uves_expected_null_cross: ndata=511 npar=147 initial chi2=1138.317706
uves_expected_null_cross: evaluation 25, chi2=401.4784218
uves_expected_null_cross: evaluation 50, chi2=399.4557702
uves_expected_null_cross: evaluation 75, chi2=399.3579093
uves_expected_null_cross: evaluation 100, chi2=399.1191330
uves_expected_null_cross: evaluation 125, chi2=398.8297677
uves_expected_null_cross: evaluation 150, chi2=398.6737575
uves_expected_null_cross: evaluation 175, chi2=398.6154126
uves_expected_null_cross: evaluation 200, chi2=398.5623078
uves_expected_null_cross: evaluation 225, chi2=398.5229968
uves_expected_null_cross: evaluation 250, chi2=398.4993847
uves_expected_null_cross: evaluation 275, chi2=398.4811729
uves_expected_null_cross: evaluation 300, chi2=398.4638567
uves_expected_null_cross: evaluation 325, chi2=398.4464714
uves_expected_null_cross: evaluation 350, chi2=398.4296195
uves_expected_null_cross: evaluation 375, chi2=398.4123803
uves_expected_null_cross: evaluation 400, chi2=398.3954933
{
  "name": "uves_expected_null_cross",
  "free_shifts": false,
  "configuration": {
    "oversample": 21,
    "exclude": [
      2260,
      2344,
      2586
    ],
    "rho": 0.0,
    "error_row": 2,
    "zero_nuisance": true,
    "velocity_span": 5.0,
    "continuum_span": 0.03
  },
  "ndata": 511,
  "npar": 147,
  "nominal_ndf": 364,
  "chi2": 398.3954932578505,
  "chi2_per_nominal_ndf": 1.0944931133457432,
  "nominal_chi2_survival": 0.10361313025206688,
  "optimizer_success": false,
  "message": "The maximum number of function evaluations is exceeded.",
  "nfev": 400,
  "optimality": 1.351683096984568,
  "seconds": 324.3338029384613,
  "jacobian_rank": 147,
  "active_bounds": [
    "v_3",
    "v_20",
    "v_25",
    "v_27",
    "v_32",
    "logb_2",
    "logb_17",
    "logb_20",
    "logb_22",
    "logb_34",
    "logb_36"
  ],
  "shifts_km_s": {},
  "per_line": [
    {
      "line": 2374,
      "ndata": 156,
      "chi2": 95.89005118097455,
      "chi2_per_pixel": 0.6146798152626574
    },
    {
      "line": 2382,
      "ndata": 178,
      "chi2": 151.5213406159259,
      "chi2_per_pixel": 0.8512434866063253
    },
    {
      "line": 2600,
      "ndata": 177,
      "chi2": 150.9841014609501,
      "chi2_per_pixel": 0.8530175223782491
    }
  ],
  "interpretation": "Conditional six-FeII, one-absorber test; no cosmic-time law fitted. Nominal diagonal-noise metrics are not discovery significances."
}
