uves_opacity_null: ndata=511 npar=149 initial chi2=1145.748752
uves_opacity_null: evaluation 25, chi2=397.3885356
uves_opacity_null: evaluation 50, chi2=397.1007312
uves_opacity_null: evaluation 75, chi2=396.9527448
uves_opacity_null: evaluation 100, chi2=396.9159523
uves_opacity_null: evaluation 125, chi2=396.8800461
uves_opacity_null: evaluation 150, chi2=396.8507970
uves_opacity_null: evaluation 175, chi2=396.8378341
uves_opacity_null: evaluation 200, chi2=396.8130981
uves_opacity_null: evaluation 225, chi2=396.7895441
uves_opacity_null: evaluation 250, chi2=396.7747348
uves_opacity_null: evaluation 275, chi2=396.7619486
uves_opacity_null: evaluation 300, chi2=396.7493964
uves_opacity_null: evaluation 325, chi2=396.7367711
uves_opacity_null: evaluation 350, chi2=396.7242284
{
  "name": "uves_opacity_null",
  "free_shifts": false,
  "configuration": {
    "oversample": 21,
    "exclude": [
      2260,
      2344,
      2586
    ],
    "rho": 0.0,
    "error_row": 2,
    "zero_nuisance": true,
    "strength_nuisance": true,
    "velocity_span": 5.0,
    "continuum_span": 0.03
  },
  "ndata": 511,
  "npar": 149,
  "nominal_ndf": 362,
  "chi2": 396.724228365658,
  "chi2_per_nominal_ndf": 1.0959232827780607,
  "nominal_chi2_survival": 0.1009768554718377,
  "optimizer_success": false,
  "message": "The maximum number of function evaluations is exceeded.",
  "nfev": 350,
  "optimality": 1.3217902666356314,
  "seconds": 275.9767258167267,
  "jacobian_rank": 149,
  "active_bounds": [
    "v_3",
    "v_20",
    "v_25",
    "v_27",
    "v_32",
    "logb_2",
    "logb_17",
    "logb_20",
    "logb_22",
    "logb_34",
    "logb_36",
    "zero_adjustment_2374"
  ],
  "shifts_km_s": {},
  "per_line": [
    {
      "line": 2374,
      "ndata": 156,
      "chi2": 96.05238740627205,
      "chi2_per_pixel": 0.6157204320914875
    },
    {
      "line": 2382,
      "ndata": 178,
      "chi2": 151.1949588983329,
      "chi2_per_pixel": 0.8494098814513085
    },
    {
      "line": 2600,
      "ndata": 177,
      "chi2": 149.47688206105286,
      "chi2_per_pixel": 0.8445021585370218
    }
  ],
  "interpretation": "Conditional six-FeII, one-absorber test; no cosmic-time law fitted. Nominal diagonal-noise metrics are not discovery significances."
}
