uves_opacity_alternative: ndata=511 npar=151 initial chi2=388.563639
uves_opacity_alternative: evaluation 25, chi2=387.0772186
uves_opacity_alternative: evaluation 50, chi2=387.0338320
uves_opacity_alternative: evaluation 75, chi2=387.0024381
uves_opacity_alternative: evaluation 100, chi2=386.9772841
uves_opacity_alternative: evaluation 125, chi2=386.9403446
uves_opacity_alternative: evaluation 150, chi2=386.9275738
uves_opacity_alternative: evaluation 175, chi2=386.8820695
uves_opacity_alternative: evaluation 200, chi2=386.6760654
uves_opacity_alternative: evaluation 225, chi2=386.6057354
uves_opacity_alternative: evaluation 250, chi2=386.5938179
uves_opacity_alternative: evaluation 275, chi2=386.5869826
uves_opacity_alternative: evaluation 300, chi2=386.5809801
uves_opacity_alternative: evaluation 325, chi2=386.5729019
uves_opacity_alternative: evaluation 350, chi2=386.5698829
{
  "name": "uves_opacity_alternative",
  "free_shifts": true,
  "configuration": {
    "oversample": 21,
    "exclude": [
      2260,
      2344,
      2586
    ],
    "rho": 0.0,
    "error_row": 2,
    "zero_nuisance": true,
    "strength_nuisance": true,
    "velocity_span": 5.0,
    "continuum_span": 0.03
  },
  "ndata": 511,
  "npar": 151,
  "nominal_ndf": 360,
  "chi2": 386.56988290981104,
  "chi2_per_nominal_ndf": 1.0738052303050307,
  "nominal_chi2_survival": 0.16071161400644438,
  "optimizer_success": false,
  "message": "The maximum number of function evaluations is exceeded.",
  "nfev": 350,
  "optimality": 0.15886429357273454,
  "seconds": 273.65498185157776,
  "jacobian_rank": 151,
  "active_bounds": [
    "v_3",
    "v_20",
    "v_25",
    "v_27",
    "v_32",
    "logb_2",
    "logb_17",
    "logb_20",
    "logb_22",
    "logb_34",
    "logb_36",
    "log_lsf_scale_2374"
  ],
  "shifts_km_s": {
    "2382": -0.13975123110579352,
    "2600": -0.1309428669309536
  },
  "per_line": [
    {
      "line": 2374,
      "ndata": 156,
      "chi2": 89.19582354493787,
      "chi2_per_pixel": 0.5717680996470376
    },
    {
      "line": 2382,
      "ndata": 178,
      "chi2": 148.67267925268644,
      "chi2_per_pixel": 0.835239771082508
    },
    {
      "line": 2600,
      "ndata": 177,
      "chi2": 148.7013801121867,
      "chi2_per_pixel": 0.8401207915942752
    }
  ],
  "interpretation": "Conditional six-FeII, one-absorber test; no cosmic-time law fitted. Nominal diagonal-noise metrics are not discovery significances."
}
