uves_refined_null_cross: ndata=511 npar=147 initial chi2=1159.794475
uves_refined_null_cross: evaluation 25, chi2=422.6808734
uves_refined_null_cross: evaluation 50, chi2=419.2263480
uves_refined_null_cross: evaluation 75, chi2=419.0629994
uves_refined_null_cross: evaluation 100, chi2=418.8962531
uves_refined_null_cross: evaluation 125, chi2=418.6887090
uves_refined_null_cross: evaluation 150, chi2=418.5373352
uves_refined_null_cross: evaluation 175, chi2=418.4745139
uves_refined_null_cross: evaluation 200, chi2=418.4268873
uves_refined_null_cross: evaluation 225, chi2=418.3812350
uves_refined_null_cross: evaluation 250, chi2=418.3489095
uves_refined_null_cross: evaluation 275, chi2=418.3269993
uves_refined_null_cross: evaluation 300, chi2=418.3119963
uves_refined_null_cross: evaluation 325, chi2=418.2973108
uves_refined_null_cross: evaluation 350, chi2=418.2834646
uves_refined_null_cross: evaluation 375, chi2=418.2695268
uves_refined_null_cross: evaluation 400, chi2=418.2560957
{
  "name": "uves_refined_null_cross",
  "free_shifts": false,
  "configuration": {
    "oversample": 21,
    "exclude": [
      2260,
      2344,
      2586
    ],
    "rho": 0.0,
    "error_row": 1,
    "zero_nuisance": true,
    "velocity_span": 5.0,
    "continuum_span": 0.03
  },
  "ndata": 511,
  "npar": 147,
  "nominal_ndf": 364,
  "chi2": 418.2560956562324,
  "chi2_per_nominal_ndf": 1.1490552078467924,
  "nominal_chi2_survival": 0.025992929291542084,
  "optimizer_success": false,
  "message": "The maximum number of function evaluations is exceeded.",
  "nfev": 400,
  "optimality": 0.6808733928096345,
  "seconds": 324.2399981021881,
  "jacobian_rank": 147,
  "active_bounds": [
    "v_3",
    "v_20",
    "v_25",
    "v_27",
    "v_32",
    "logb_2",
    "logb_17",
    "logb_20",
    "logb_22",
    "logb_34",
    "logb_36"
  ],
  "shifts_km_s": {},
  "per_line": [
    {
      "line": 2374,
      "ndata": 156,
      "chi2": 110.8387051498689,
      "chi2_per_pixel": 0.7105045201914673
    },
    {
      "line": 2382,
      "ndata": 178,
      "chi2": 153.90150825911192,
      "chi2_per_pixel": 0.864615214938831
    },
    {
      "line": 2600,
      "ndata": 177,
      "chi2": 153.51588224725145,
      "chi2_per_pixel": 0.8673213686285393
    }
  ],
  "interpretation": "Conditional six-FeII, one-absorber test; no cosmic-time law fitted. Nominal diagonal-noise metrics are not discovery significances."
}
