uves_flex_null_polished: ndata=511 npar=147 initial chi2=451.992892
uves_flex_null_polished: evaluation 25, chi2=450.8520214
uves_flex_null_polished: evaluation 50, chi2=450.3624246
uves_flex_null_polished: evaluation 75, chi2=449.9001359
uves_flex_null_polished: evaluation 100, chi2=449.5013193
uves_flex_null_polished: evaluation 125, chi2=449.3121425
uves_flex_null_polished: evaluation 150, chi2=449.1206671
uves_flex_null_polished: evaluation 175, chi2=448.9067435
uves_flex_null_polished: evaluation 200, chi2=448.8046827
uves_flex_null_polished: evaluation 225, chi2=448.7085606
uves_flex_null_polished: evaluation 250, chi2=448.6136120
uves_flex_null_polished: evaluation 275, chi2=448.5193015
uves_flex_null_polished: evaluation 300, chi2=448.4249562
uves_flex_null_polished: evaluation 325, chi2=448.3301561
uves_flex_null_polished: evaluation 350, chi2=448.2343046
uves_flex_null_polished: evaluation 375, chi2=448.1370219
uves_flex_null_polished: evaluation 400, chi2=448.0377453
uves_flex_null_polished: evaluation 425, chi2=447.9267081
uves_flex_null_polished: evaluation 450, chi2=447.5633992
uves_flex_null_polished: evaluation 475, chi2=447.2567937
uves_flex_null_polished: evaluation 500, chi2=447.0164538
uves_flex_null_polished: evaluation 525, chi2=446.7516649
uves_flex_null_polished: evaluation 550, chi2=446.5804510
uves_flex_null_polished: evaluation 575, chi2=446.3969269
uves_flex_null_polished: evaluation 600, chi2=446.2018237
{
  "name": "uves_flex_null_polished",
  "free_shifts": false,
  "configuration": {
    "oversample": 7,
    "exclude": [
      2260,
      2344,
      2586
    ],
    "rho": 0.0,
    "zero_nuisance": true,
    "velocity_span": 5.0,
    "continuum_span": 0.03
  },
  "ndata": 511,
  "npar": 147,
  "nominal_ndf": 364,
  "chi2": 446.2018237351645,
  "chi2_per_nominal_ndf": 1.2258291860856168,
  "nominal_chi2_survival": 0.00206734152179097,
  "optimizer_success": false,
  "message": "The maximum number of function evaluations is exceeded.",
  "nfev": 600,
  "optimality": 4.302073873397747,
  "seconds": 101.34898090362549,
  "jacobian_rank": 147,
  "active_bounds": [],
  "shifts_km_s": {},
  "per_line": [
    {
      "line": 2374,
      "ndata": 156,
      "chi2": 121.88610367927946,
      "chi2_per_pixel": 0.7813211774312786
    },
    {
      "line": 2382,
      "ndata": 178,
      "chi2": 154.17964048641244,
      "chi2_per_pixel": 0.8661777555416429
    },
    {
      "line": 2600,
      "ndata": 177,
      "chi2": 170.1360795694726,
      "chi2_per_pixel": 0.9612207885280938
    }
  ],
  "interpretation": "Conditional six-FeII, one-absorber test; no cosmic-time law fitted. Nominal diagonal-noise metrics are not discovery significances."
}
