full_2600_G0_start0 chi2 41636.410614906614 offset None success True active [] seconds 0.77
full_2600_G1_start0 chi2 41622.19813621212 offset -62.74596105888515 success True active [] seconds 0.64
full_2600_A0_start0 chi2 41630.89989523324 offset None success True active ['asymmetry_53'] seconds 1.07
full_2600_A0_start1 chi2 41630.8998951697 offset None success True active ['asymmetry_53'] seconds 1.01
full_2600_A0_start2 chi2 41630.89989522775 offset None success True active ['asymmetry_53'] seconds 1.26
full_2600_A1_start0 chi2 41620.04197233559 offset -58.64275404201963 success True active [] seconds 1.08
full_2600_A1_start1 chi2 41620.04197021482 offset -58.63670423792619 success True active [] seconds 1.31
full_2600_A1_start2 chi2 41620.04197055942 offset -58.64473221837574 success True active [] seconds 1.47
train2018_2600_G0_start0 chi2 21217.82613583434 offset None success True active [] seconds 0.37
train2018_2600_G1_start0 chi2 21208.077998091412 offset -67.99267835272387 success True active [] seconds 0.32
train2018_2600_A0_start0 chi2 21212.240956660095 offset None success True active ['asymmetry_52'] seconds 0.66
train2018_2600_A0_start1 chi2 21212.24095553113 offset None success True active ['asymmetry_52'] seconds 0.76
train2018_2600_A0_start2 chi2 21212.240956289876 offset None success True active ['asymmetry_52'] seconds 0.79
train2018_2600_A1_start0 chi2 21206.48020684369 offset -56.41194334637873 success True active [] seconds 1.11
train2018_2600_A1_start1 chi2 21206.48020702755 offset -56.41077873332873 success True active [] seconds 1.06
train2018_2600_A1_start2 chi2 21206.48020680008 offset -56.41214389424336 success True active [] seconds 1.26
heldout_2600_G0 chi2 20419.366999526064 offset None success True active [] seconds 0.12
heldout_2600_G1 chi2 20415.094507786613 offset None success True active [] seconds 0.14
heldout_2600_A0 chi2 20423.323553048038 offset None success True active [] seconds 0.08
heldout_2600_A1 chi2 20420.245910848593 offset None success True active [] seconds 0.14
full_2382_G0_start0 chi2 39994.13582796104 offset None success True active [] seconds 0.57
full_2382_G1_start0 chi2 39993.888893966076 offset -11.026291625900692 success True active [] seconds 0.45
full_2382_A0_start0 chi2 39994.061759157914 offset None success True active [] seconds 0.64
full_2382_A0_start1 chi2 39994.061758804506 offset None success True active [] seconds 0.94
full_2382_A0_start2 chi2 39994.0617590397 offset None success True active [] seconds 0.81
full_2382_A1_start0 chi2 39993.78657887746 offset -13.501855111182929 success True active [] seconds 0.85
full_2382_A1_start1 chi2 39993.7865781346 offset -13.480747434077664 success True active [] seconds 0.95
full_2382_A1_start2 chi2 39993.78658302617 offset -13.46671314589282 success True active [] seconds 0.99
train2018_2382_G0_start0 chi2 20365.833442781895 offset None success True active [] seconds 0.33
train2018_2382_G1_start0 chi2 20365.60968108945 offset -13.166558140584602 success True active [] seconds 0.26
train2018_2382_A0_start0 chi2 20365.795538790928 offset None success True active [] seconds 0.62
train2018_2382_A0_start1 chi2 20365.79553344674 offset None success True active [] seconds 0.63
train2018_2382_A0_start2 chi2 20365.795536322094 offset None success True active [] seconds 0.65
train2018_2382_A1_start0 chi2 20365.44440486682 offset -19.12362565154778 success True active [] seconds 0.51
train2018_2382_A1_start1 chi2 20365.444404863585 offset -19.123610562486167 success True active [] seconds 0.64
train2018_2382_A1_start2 chi2 20365.444404920974 offset -19.12445200284322 success True active [] seconds 0.41
heldout_2382_G0 chi2 19634.603083953007 offset None success True active [] seconds 0.08
heldout_2382_G1 chi2 19634.573735889742 offset None success True active [] seconds 0.13
heldout_2382_A0 chi2 19634.588251581117 offset None success True active [] seconds 0.12
heldout_2382_A1 chi2 19634.654280325307 offset None success True active [] seconds 0.12
