J233156-090802 n6_null_s1_os9 DONE 16868.952172387264 14.719853553566548 True
J233156-090802 n6_null_s2_os9 DONE 16868.95250500468 14.719853843808622 True
J233156-090802 n6_null_s0_os9 DONE 16868.952844732452 14.719854140255194 True
J233156-090802 n10_null_s1_os9 DONE 6097.544442902776 5.377023318256416 True
J233156-090802 n10_null_s0_os9 DONE 6097.544456471062 5.3770233302213954 True
J233156-090802 n10_null_s2_os9 DONE 6097.5444340134545 5.377023310417508 True
J233156-090802 n14_null_s0_os9 DONE 4532.102212199469 4.039306784491505 True
J233156-090802 n14_null_s1_os9 DONE 4532.102332996794 4.039306892154006 True
J233156-090802 n14_null_s2_os9 50 4680.504429512833
J233156-090802 n14_null_s2_os9 DONE 4680.5029949311765 4.171571296730104 True
J233156-090802 n18_null_s0_os9 DONE 3048.942701037557 2.7467952261599615 True
J233156-090802 n18_null_s1_os9 DONE 3048.9427028241703 2.746795227769523 True
J233156-090802 n18_null_s2_os9 DONE 3044.96503719378 2.7432117452196216 True
J233156-090802 n22_null_s1_os9 50 3000.9714813557125
J233156-090802 n22_null_s0_os9 50 4428.960688514374
J233156-090802 n22_null_s2_os9 50 1776.758749880824
J233156-090802 n22_null_s1_os9 100 2960.0799660151415
J233156-090802 n22_null_s1_os9 DONE 2960.0760605504656 2.6958798365669088 True
J233156-090802 n22_null_s0_os9 100 4393.210985704794
J233156-090802 n22_null_s0_os9 DONE 4393.210096674246 4.001102091688749 True
J233156-090802 n22_null_s2_os9 100 1709.3724885762904
J233156-090802 n26_null_s0_os9 50 1751.59340628916
J233156-090802 n22_null_s2_os9 DONE 1709.3092817369222 1.556747979723973 True
J233156-090802 n26_null_s0_os9 DONE 1751.5920607291728 1.612884033820601 True
J233156-090802 n26_null_s1_os9 50 1763.5116090546633
J233156-090802 n26_null_s2_os9 50 1703.2895237635144
J233156-090802 n26_null_s1_os9 100 1758.7039652369192
J233156-090802 n26_null_s2_os9 100 1690.4946239648546
J233156-090802 n26_null_s1_os9 150 1756.3925925838212
J233156-090802 n26_null_s2_os9 150 1690.4780624808789
J233156-090802 n26_null_s1_os9 200 1756.1930535635279
J233156-090802 n26_null_s2_os9 DONE 1672.8416963585303 1.5403698861496595 True
J233156-090802 n26_null_s1_os9 250 1755.104873816456
J233156-090802 n26_null_s1_os9 300 1754.1741417669127
J233156-090802 n26_null_s1_os9 350 1753.7656925133542
J233156-090802 n26_null_s1_os9 DONE 1753.7656925133542 1.614885536384304 False
J233156-090802 n26_null_refined_os21 DONE 1672.841768419044 1.5403699525037238 True
J233156-090802 ordinary model inadequate or optimization incomplete; alternatives not auto-run
