{
  "comparisons": [
    {
      "case": "primary",
      "null_file": "null_cross.json",
      "alternative_file": "alternative_from_published.json",
      "n_pixels": 2931,
      "null_parameters": 147,
      "added_parameters": 5,
      "null_chi2": 2305.4905409518874,
      "alternative_chi2": 2253.7773014844893,
      "delta_chi2": 51.713239467398125,
      "null_chi2_per_nominal_ndf": 0.8281216023534078,
      "alternative_chi2_per_nominal_ndf": 0.8110029872200393,
      "nominal_wilks_p": 6.176986476924595e-10,
      "delta_aic_heuristic": -41.713239467398125,
      "delta_bic_heuristic": -11.797744763843667,
      "null_success": true,
      "alternative_success": true,
      "null_active_bounds": 12,
      "alternative_active_bounds": 3,
      "null_optimality": 3.1679682415651937,
      "alternative_optimality": 5.769766039424818
    },
    {
      "case": "expected_fluctuation",
      "null_file": "expected_fluctuation_null_polished.json",
      "alternative_file": "expected_fluctuation_alternative.json",
      "n_pixels": 2931,
      "null_parameters": 147,
      "added_parameters": 5,
      "null_chi2": 2801.7103852062064,
      "alternative_chi2": 2733.787030253823,
      "delta_chi2": 67.9233549523833,
      "null_chi2_per_nominal_ndf": 1.006361488939011,
      "alternative_chi2_per_nominal_ndf": 0.9837304894760068,
      "nominal_wilks_p": 2.770225197599274e-13,
      "delta_aic_heuristic": -57.923354952383306,
      "delta_bic_heuristic": -28.007860248828848,
      "null_success": true,
      "alternative_success": true,
      "null_active_bounds": 10,
      "alternative_active_bounds": 12,
      "null_optimality": 2.651482675377327,
      "alternative_optimality": 1.6058952613358282
    },
    {
      "case": "ar1_rho03",
      "null_file": "ar1_rho03_null.json",
      "alternative_file": "ar1_rho03_alternative.json",
      "n_pixels": 2931,
      "null_parameters": 147,
      "added_parameters": 5,
      "null_chi2": 2201.724424434928,
      "alternative_chi2": 2172.4707018895024,
      "delta_chi2": 29.253722545425717,
      "null_chi2_per_nominal_ndf": 0.7908492903861092,
      "alternative_chi2_per_nominal_ndf": 0.7817454846669674,
      "nominal_wilks_p": 2.067568157088998e-05,
      "delta_aic_heuristic": -19.253722545425717,
      "delta_bic_heuristic": 10.661772158128741,
      "null_success": true,
      "alternative_success": true,
      "null_active_bounds": 3,
      "alternative_active_bounds": 5,
      "null_optimality": 2.853775867566186,
      "alternative_optimality": 2.373871293136284
    },
    {
      "case": "lsf_minus3pct",
      "null_file": "lsf_minus3pct_null.json",
      "alternative_file": "lsf_minus3pct_alternative.json",
      "n_pixels": 2931,
      "null_parameters": 147,
      "added_parameters": 5,
      "null_chi2": 2324.646270966021,
      "alternative_chi2": 2259.2804008017674,
      "delta_chi2": 65.36587016425347,
      "null_chi2_per_nominal_ndf": 0.8350022525021626,
      "alternative_chi2_per_nominal_ndf": 0.8129832316667029,
      "nominal_wilks_p": 9.41027909724499e-13,
      "delta_aic_heuristic": -55.365870164253465,
      "delta_bic_heuristic": -25.450375460699007,
      "null_success": true,
      "alternative_success": true,
      "null_active_bounds": 2,
      "alternative_active_bounds": 5,
      "null_optimality": 7.6877817609817924,
      "alternative_optimality": 9.893381219107114
    },
    {
      "case": "lsf_plus3pct",
      "null_file": "lsf_plus3pct_null.json",
      "alternative_file": "lsf_plus3pct_alternative.json",
      "n_pixels": 2931,
      "null_parameters": 147,
      "added_parameters": 5,
      "null_chi2": 2295.210764463475,
      "alternative_chi2": 2250.3396466853274,
      "delta_chi2": 44.871117778147436,
      "null_chi2_per_nominal_ndf": 0.8244291539021102,
      "alternative_chi2_per_nominal_ndf": 0.8097659757773757,
      "nominal_wilks_p": 1.541096507314368e-08,
      "delta_aic_heuristic": -34.871117778147436,
      "delta_bic_heuristic": -4.955623074592978,
      "null_success": true,
      "alternative_success": true,
      "null_active_bounds": 10,
      "alternative_active_bounds": 8,
      "null_optimality": 4.221229877757664,
      "alternative_optimality": 10.58827425427223
    },
    {
      "case": "omit_blended",
      "null_file": "omit_blended_null.json",
      "alternative_file": "omit_blended_alternative_polished.json",
      "n_pixels": 1941,
      "null_parameters": 143,
      "added_parameters": 3,
      "null_chi2": 1451.3756201646743,
      "alternative_chi2": 1424.9931890555497,
      "delta_chi2": 26.382431109124582,
      "null_chi2_per_nominal_ndf": 0.8072166964208422,
      "alternative_chi2_per_nominal_ndf": 0.7938680718972422,
      "nominal_wilks_p": 7.931202270729038e-06,
      "delta_aic_heuristic": -20.382431109124582,
      "delta_bic_heuristic": -3.6695553596175507,
      "null_success": true,
      "alternative_success": true,
      "null_active_bounds": 4,
      "alternative_active_bounds": 4,
      "null_optimality": 1.5273327425089056,
      "alternative_optimality": 0.10101907152306178
    },
    {
      "case": "opacity_zero",
      "null_file": "opacity_zero_null.json",
      "alternative_file": "opacity_zero_alternative.json",
      "n_pixels": 2931,
      "null_parameters": 158,
      "added_parameters": 5,
      "null_chi2": 2260.1715348555736,
      "alternative_chi2": 2205.080529845843,
      "delta_chi2": 55.09100500973045,
      "null_chi2_per_nominal_ndf": 0.8150636620467269,
      "alternative_chi2_per_nominal_ndf": 0.7966331393951745,
      "nominal_wilks_p": 1.2502826804459407e-10,
      "delta_aic_heuristic": -45.09100500973045,
      "delta_bic_heuristic": -15.175510306175994,
      "null_success": true,
      "alternative_success": true,
      "null_active_bounds": 12,
      "alternative_active_bounds": 8,
      "null_optimality": 5.1242365047320835,
      "alternative_optimality": 10.127732908413341
    },
    {
      "case": "omit_saturated",
      "null_file": "omit_saturated_null_polished.json",
      "alternative_file": "omit_saturated_alternative.json",
      "n_pixels": 1775,
      "null_parameters": 143,
      "added_parameters": 3,
      "null_chi2": 1162.8942358262113,
      "alternative_chi2": 1155.8043049223013,
      "delta_chi2": 7.089930903910044,
      "null_chi2_per_nominal_ndf": 0.7125577425405707,
      "alternative_chi2_per_nominal_ndf": 0.7095176825796816,
      "nominal_wilks_p": 0.0690859421698274,
      "delta_aic_heuristic": -1.0899309039100444,
      "delta_bic_heuristic": 15.354736201818504,
      "null_success": true,
      "alternative_success": true,
      "null_active_bounds": 13,
      "alternative_active_bounds": 12,
      "null_optimality": 0.05156360885993451,
      "alternative_optimality": 0.03580233404486903
    },
    {
      "case": "wider_bounds",
      "null_file": "wider_bounds_null.json",
      "alternative_file": "wider_bounds_alternative.json",
      "n_pixels": 2931,
      "null_parameters": 147,
      "added_parameters": 5,
      "null_chi2": 2285.35440709006,
      "alternative_chi2": 2231.2801690174783,
      "delta_chi2": 54.074238072581466,
      "null_chi2_per_nominal_ndf": 0.8208887956501651,
      "alternative_chi2_per_nominal_ndf": 0.8029075815104276,
      "nominal_wilks_p": 2.0234714458202936e-10,
      "delta_aic_heuristic": -44.074238072581466,
      "delta_bic_heuristic": -14.158743369027007,
      "null_success": true,
      "alternative_success": true,
      "null_active_bounds": 5,
      "alternative_active_bounds": 5,
      "null_optimality": 4.196581418061912,
      "alternative_optimality": 2.950811844822339
    }
  ],
  "interpretation": "Paired exploratory one-absorber FeII fits, not a population or time-law test. Nominal Wilks p and AIC/BIC are heuristic: local optimization, active nuisance bounds, component selection and unknown covariance limit calibration."
}
