START tapered_null 2931 147
tapered_null 25 2233.2049801637404
tapered_null 50 2233.1662571273455
tapered_null 75 2233.145267560245
DONE tapered_null 2232.995790732822 True
START tapered_alternative 2931 152
tapered_alternative 25 2203.844415377874
tapered_alternative 50 2203.4326140011353
tapered_alternative 75 2203.044667812058
tapered_alternative 100 2202.5516228533356
DONE tapered_alternative 2202.09308641921 True
START tapered_alternative_cross 2931 152
tapered_alternative_cross 25 2220.4804806078027
DONE tapered_alternative_cross 2204.7064646326908 True
START tapered_null_cross 2931 147
tapered_null_cross 25 2232.306534586813
tapered_null_cross 50 2231.8336919464664
tapered_null_cross 75 2231.5164474879093
tapered_null_cross 100 2231.380460035807
tapered_null_cross 125 2231.3547433044064
tapered_null_cross 150 2231.334911100362
DONE tapered_null_cross 2231.3304707002785 True
{"null": "tapered_null_cross", "alternative": "tapered_alternative", "null_success": true, "alternative_success": true, "ndata": 2931, "added_parameters": 5, "delta_chi2": 29.237384281068444, "delta_chi2_if_continuum_variance_transferred": 41.486077589892766, "shifts_m_s": {"2260": 90.56093836331686, "2344": -43.968306893105556, "2382": -111.63038394512834, "2586": -6.420837591690449, "2600": -101.34199174531518}, "covariance_kernel": [1.0, 0.3387627285116187, 0.03600055842680085, 0.02322463919828322, 0.011725444312222591, 0.0012167829834011043, 0.002334833267227561, 0.005523425281214162, 0.005085524291540754, 0.003630046825259558, 0.001364436065220843], "continuum_variance": 0.7047517138181204}
