START core01_gls_null 2692 147 /root/autodl-tmp/dsc_world/riemann_clock/experiments/highz_feasibility_2026-09-20/results/saturation_controls/core01_null_cross_continued_alternative.json
START core03_gls_null 2473 147 /root/autodl-tmp/dsc_world/riemann_clock/experiments/highz_feasibility_2026-09-20/results/saturation_controls/core03_padded_null_cross.json
core03_gls_null 25 1684.3671414374169
core01_gls_null 25 1931.9103260636662
DONE core03_gls_null 1684.363355476314 True
START core03_gls_alternative 2473 152 /root/autodl-tmp/dsc_world/riemann_clock/experiments/highz_feasibility_2026-09-20/results/joint_controls/core03_gls_null.json
DONE core01_gls_null 1931.8960292678112 True
START core01_gls_alternative 2692 152 /root/autodl-tmp/dsc_world/riemann_clock/experiments/highz_feasibility_2026-09-20/results/joint_controls/core01_gls_null.json
core03_gls_alternative 25 1677.6674963856644
DONE core03_gls_alternative 1677.6640397602841 True
START core03_gls_alternative_cross 2473 152 /root/autodl-tmp/dsc_world/riemann_clock/experiments/highz_feasibility_2026-09-20/results/saturation_controls/core03_padded_alternative.json
core01_gls_alternative 25 1909.7932799468551
core03_gls_alternative_cross 25 1677.8106433798762
core01_gls_alternative 50 1909.5695387246676
DONE core03_gls_alternative_cross 1677.674000997379 True
START core03_gls_null_cross 2473 147 /root/autodl-tmp/dsc_world/riemann_clock/experiments/highz_feasibility_2026-09-20/results/joint_controls/core03_gls_alternative.json
core01_gls_alternative 75 1913.0162465466094
core03_gls_null_cross 25 1685.2776184172035
core01_gls_alternative 100 1908.2082839119682
DONE core01_gls_alternative 1908.206375273376 True
START core01_gls_alternative_cross 2692 152 /root/autodl-tmp/dsc_world/riemann_clock/experiments/highz_feasibility_2026-09-20/results/saturation_controls/core01_alternative_cross_continued.json
core03_gls_null_cross 50 1684.9759061051147
core01_gls_alternative_cross 25 1908.2196424463864
core03_gls_null_cross 75 1684.6913692910575
DONE core01_gls_alternative_cross 1908.2031393734662 True
START core01_gls_null_cross 2692 147 /root/autodl-tmp/dsc_world/riemann_clock/experiments/highz_feasibility_2026-09-20/results/joint_controls/core01_gls_alternative_cross.json
core03_gls_null_cross 100 1684.364286943063
DONE core03_gls_null_cross 1684.3593842122839 True
core01_gls_null_cross 25 1936.4361668215258
core01_gls_null_cross 50 1935.0606631092562
DONE core01_gls_null_cross 1931.9294982944837 True
{"case": "core01_gls", "null": "core01_gls_null", "alternative": "core01_gls_alternative_cross", "ndata": 2692, "added_parameters": 5, "delta_chi2": 23.692889894344944, "null_success": true, "alternative_success": true, "shifts_m_s": {"2260": 78.16067528484399, "2344": -34.81481678866052, "2382": -100.11260750636674, "2586": 1.8706983024250274, "2600": -103.72394051222844}, "selection": "Minimum recorded objective for each hypothesis, including unfinished endpoints if lower. Never silently omit lower capped endpoints.", "initial_null_candidates": [{"file": "results/saturation_controls/core01_null_cross_continued_alternative.json", "chi2": 1932.1702837327377}, {"file": "results/empirical_gls/tapered_null_cross.json", "chi2": 1946.366127230091}], "mask_audit": [{"line": 2260, "threshold": null, "padding_km_s": 0.0, "original_pixels": 277, "removed_pixels": 0, "retained_pixels": 277}, {"line": 2344, "threshold": null, "padding_km_s": 0.0, "original_pixels": 430, "removed_pixels": 0, "retained_pixels": 430}, {"line": 2374, "threshold": null, "padding_km_s": 0.0, "original_pixels": 508, "removed_pixels": 0, "retained_pixels": 508}, {"line": 2382, "threshold": 0.1, "padding_km_s": 0.0, "original_pixels": 579, "removed_pixels": 125, "retained_pixels": 454}, {"line": 2586, "threshold": null, "padding_km_s": 0.0, "original_pixels": 560, "removed_pixels": 0, "retained_pixels": 560}, {"line": 2600, "threshold": 0.1, "padding_km_s": 0.0, "original_pixels": 577, "removed_pixels": 114, "retained_pixels": 463}], "recorded_trials": [{"name": "core01_gls_null", "free_shifts": false, "chi2": 1931.8960292678112, "optimizer_success": true, "nfev": 36, "optimality": 0.05047054542432872}, {"name": "core01_gls_alternative", "free_shifts": true, "chi2": 1908.206375273376, "optimizer_success": true, "nfev": 106, "optimality": 0.08200307063805684}, {"name": "core01_gls_alternative_cross", "free_shifts": true, "chi2": 1908.2031393734662, "optimizer_success": true, "nfev": 34, "optimality": 0.07414757455626846}, {"name": "core01_gls_null_cross", "free_shifts": false, "chi2": 1931.9294982944837, "optimizer_success": true, "nfev": 66, "optimality": 7.916440778822396}]}
{"case": "core03_gls", "null": "core03_gls_null_cross", "alternative": "core03_gls_alternative", "ndata": 2473, "added_parameters": 5, "delta_chi2": 6.695344451999745, "null_success": true, "alternative_success": true, "shifts_m_s": {"2260": 82.81373409362439, "2344": -33.87297056955156, "2382": -91.88084656826605, "2586": 1.4445937264707938, "2600": -74.94435904828954}, "selection": "Minimum recorded objective for each hypothesis, including unfinished endpoints if lower. Never silently omit lower capped endpoints.", "initial_null_candidates": [{"file": "results/saturation_controls/core03_padded_null_cross.json", "chi2": 1684.6979391995865}, {"file": "results/empirical_gls/tapered_null_cross.json", "chi2": 1749.7287566579164}], "mask_audit": [{"line": 2260, "threshold": null, "padding_km_s": 1.0, "original_pixels": 277, "removed_pixels": 0, "retained_pixels": 277}, {"line": 2344, "threshold": null, "padding_km_s": 1.0, "original_pixels": 430, "removed_pixels": 0, "retained_pixels": 430}, {"line": 2374, "threshold": null, "padding_km_s": 1.0, "original_pixels": 508, "removed_pixels": 0, "retained_pixels": 508}, {"line": 2382, "threshold": 0.3, "padding_km_s": 1.0, "original_pixels": 579, "removed_pixels": 244, "retained_pixels": 335}, {"line": 2586, "threshold": null, "padding_km_s": 1.0, "original_pixels": 560, "removed_pixels": 0, "retained_pixels": 560}, {"line": 2600, "threshold": 0.3, "padding_km_s": 1.0, "original_pixels": 577, "removed_pixels": 214, "retained_pixels": 363}], "recorded_trials": [{"name": "core03_gls_null", "free_shifts": false, "chi2": 1684.363355476314, "optimizer_success": true, "nfev": 29, "optimality": 0.04319239523709708}, {"name": "core03_gls_alternative", "free_shifts": true, "chi2": 1677.6640397602841, "optimizer_success": true, "nfev": 34, "optimality": 0.8969897865270147}, {"name": "core03_gls_alternative_cross", "free_shifts": true, "chi2": 1677.674000997379, "optimizer_success": true, "nfev": 35, "optimality": 1.7824704872734838}, {"name": "core03_gls_null_cross", "free_shifts": false, "chi2": 1684.3593842122839, "optimizer_success": true, "nfev": 105, "optimality": 3.8365627519355483}]}
