[
  {
    "target": "J051707-441055",
    "reference_FeII": 2374,
    "target_FeII": 2586,
    "region": "whole",
    "velocity_bounds_kms": [
      -25.0,
      110.0
    ],
    "error_array": "fluctuation",
    "form": "power",
    "n_pixels": 103,
    "shift_kms": 0.01666006499511287,
    "formal_sigma_shift_kms": 0.012268586562929432,
    "strength": 2.319301874247049,
    "continuum_intercept": 1.0105130968021112,
    "continuum_slope_per100kms": -0.012944688771379364,
    "chi2_diagonal": 521.0281936403884,
    "nominal_dof": 99,
    "chi2_per_nominal_dof": 5.26291104687261,
    "gaussian_deviance_including_log_variance": -513.9010928601685,
    "optimizer_success": true,
    "parameter_at_boundary": false,
    "positive_local_hessian": true,
    "min_distance_to_template_interpolation_knot_kms": 0.4127277096878572,
    "smooth_for_local_hessian": true,
    "formal_error_status": "conditional_curvature_only",
    "start_solution_deviance_range": 3.108198143308982e-10,
    "additional_global_search": true,
    "global_seed_deviance_range": 1.1260681276326068e-09,
    "interpretation": "DESCRIPTIVE_REGISTRATION_ONLY; not a physical frequency shift; independent-pixel approximation"
  },
  {
    "target": "J051707-441055",
    "reference_FeII": 2374,
    "target_FeII": 2586,
    "region": "central",
    "velocity_bounds_kms": [
      -15.0,
      40.0
    ],
    "error_array": "fluctuation",
    "form": "power",
    "n_pixels": 43,
    "shift_kms": 0.02254039782127195,
    "formal_sigma_shift_kms": 0.01391517420315483,
    "strength": 2.2417098939484568,
    "continuum_intercept": 0.9985224360740429,
    "continuum_slope_per100kms": -0.051369125732569514,
    "chi2_diagonal": 277.3782207839594,
    "nominal_dof": 39,
    "chi2_per_nominal_dof": 7.112262071383575,
    "gaussian_deviance_including_log_variance": -169.86281818819492,
    "optimizer_success": true,
    "parameter_at_boundary": false,
    "positive_local_hessian": true,
    "min_distance_to_template_interpolation_knot_kms": 0.40686041110474314,
    "smooth_for_local_hessian": true,
    "formal_error_status": "conditional_curvature_only",
    "start_solution_deviance_range": 5.684341886080801e-13,
    "additional_global_search": true,
    "global_seed_deviance_range": 5.750564469053643e-10,
    "interpretation": "DESCRIPTIVE_REGISTRATION_ONLY; not a physical frequency shift; independent-pixel approximation"
  },
  {
    "target": "J051707-441055",
    "reference_FeII": 2374,
    "target_FeII": 2586,
    "region": "red",
    "velocity_bounds_kms": [
      40.0,
      95.0
    ],
    "error_array": "fluctuation",
    "form": "power",
    "n_pixels": 42,
    "shift_kms": -0.03429334149160073,
    "formal_sigma_shift_kms": 0.027388753017717385,
    "strength": 2.406503547896404,
    "continuum_intercept": 0.9936789928749112,
    "continuum_slope_per100kms": 0.0273709686263434,
    "chi2_diagonal": 33.453990372093344,
    "nominal_dof": 38,
    "chi2_per_nominal_dof": 0.8803681676866669,
    "gaussian_deviance_including_log_variance": -386.8897708818957,
    "optimizer_success": true,
    "parameter_at_boundary": false,
    "positive_local_hessian": true,
    "min_distance_to_template_interpolation_knot_kms": 0.46377422481935326,
    "smooth_for_local_hessian": true,
    "formal_error_status": "conditional_curvature_only",
    "start_solution_deviance_range": 8.526512829121202e-13,
    "additional_global_search": true,
    "global_seed_deviance_range": 3.7124436857993715e-10,
    "interpretation": "DESCRIPTIVE_REGISTRATION_ONLY; not a physical frequency shift; independent-pixel approximation"
  },
  {
    "target": "J051707-441055",
    "reference_FeII": 2374,
    "target_FeII": 2600,
    "region": "whole",
    "velocity_bounds_kms": [
      -25.0,
      110.0
    ],
    "error_array": "fluctuation",
    "form": "power",
    "n_pixels": 104,
    "shift_kms": -0.18058304772255615,
    "formal_sigma_shift_kms": null,
    "strength": 6.37502036773657,
    "continuum_intercept": 0.9142094105905021,
    "continuum_slope_per100kms": 0.00693319895977702,
    "chi2_diagonal": 3417.2412400904195,
    "nominal_dof": 100,
    "chi2_per_nominal_dof": 34.17241240090419,
    "gaussian_deviance_including_log_variance": 2410.4399604287883,
    "optimizer_success": true,
    "parameter_at_boundary": false,
    "positive_local_hessian": true,
    "min_distance_to_template_interpolation_knot_kms": 1.5141665699047735e-11,
    "smooth_for_local_hessian": false,
    "formal_error_status": "WITHHELD_BOUNDARY_KNOT_OR_HESSIAN",
    "start_solution_deviance_range": 1.227817847393453e-10,
    "additional_global_search": true,
    "global_seed_deviance_range": 8.538791007595137e-09,
    "interpretation": "DESCRIPTIVE_REGISTRATION_ONLY; not a physical frequency shift; independent-pixel approximation"
  },
  {
    "target": "J051707-441055",
    "reference_FeII": 2374,
    "target_FeII": 2600,
    "region": "central",
    "velocity_bounds_kms": [
      -15.0,
      40.0
    ],
    "error_array": "fluctuation",
    "form": "power",
    "n_pixels": 42,
    "shift_kms": -0.18054781386824886,
    "formal_sigma_shift_kms": null,
    "strength": 5.888765730918708,
    "continuum_intercept": 0.9000000000009785,
    "continuum_slope_per100kms": -0.14999999997088306,
    "chi2_diagonal": 1866.149241651983,
    "nominal_dof": 38,
    "chi2_per_nominal_dof": 49.10919056978903,
    "gaussian_deviance_including_log_variance": 1416.812451184167,
    "optimizer_success": true,
    "parameter_at_boundary": true,
    "positive_local_hessian": true,
    "min_distance_to_template_interpolation_knot_kms": 6.672937757912223e-10,
    "smooth_for_local_hessian": false,
    "formal_error_status": "WITHHELD_BOUNDARY_KNOT_OR_HESSIAN",
    "start_solution_deviance_range": 40.62023240604594,
    "additional_global_search": true,
    "global_seed_deviance_range": 2.4563405531807803e-08,
    "interpretation": "DESCRIPTIVE_REGISTRATION_ONLY; not a physical frequency shift; independent-pixel approximation"
  },
  {
    "target": "J051707-441055",
    "reference_FeII": 2374,
    "target_FeII": 2600,
    "region": "red",
    "velocity_bounds_kms": [
      40.0,
      95.0
    ],
    "error_array": "fluctuation",
    "form": "power",
    "n_pixels": 42,
    "shift_kms": -0.5472658232608248,
    "formal_sigma_shift_kms": null,
    "strength": 7.17716502485688,
    "continuum_intercept": 0.9000000000000287,
    "continuum_slope_per100kms": 0.07730472085212602,
    "chi2_diagonal": 409.96179088760744,
    "nominal_dof": 38,
    "chi2_per_nominal_dof": 10.788468181252828,
    "gaussian_deviance_including_log_variance": -15.370941825405708,
    "optimizer_success": true,
    "parameter_at_boundary": true,
    "positive_local_hessian": true,
    "min_distance_to_template_interpolation_knot_kms": 0.3666569324339122,
    "smooth_for_local_hessian": true,
    "formal_error_status": "WITHHELD_BOUNDARY_KNOT_OR_HESSIAN",
    "start_solution_deviance_range": 4.107978492260995,
    "additional_global_search": true,
    "global_seed_deviance_range": 8.968292775080045e-11,
    "interpretation": "DESCRIPTIVE_REGISTRATION_ONLY; not a physical frequency shift; independent-pixel approximation"
  }
]
